make[1]: Entering directory '/home/y-kawahara/fjord-books_app-2023/vendor/bundle/ruby/3.4.0/gems/sqlite3-1.6.3/ext/sqlite3/tmp/x86_64-linux-gnu/ports/sqlite3/3.42.0/sqlite-autoconf-3420000'
 /usr/bin/mkdir -p '/home/y-kawahara/fjord-books_app-2023/vendor/bundle/ruby/3.4.0/gems/sqlite3-1.6.3/ports/x86_64-linux-gnu/sqlite3/3.42.0/lib'
 /bin/bash ./libtool   --mode=install /usr/bin/install -c   libsqlite3.la '/home/y-kawahara/fjord-books_app-2023/vendor/bundle/ruby/3.4.0/gems/sqlite3-1.6.3/ports/x86_64-linux-gnu/sqlite3/3.42.0/lib'
libtool: install: /usr/bin/install -c .libs/libsqlite3.lai /home/y-kawahara/fjord-books_app-2023/vendor/bundle/ruby/3.4.0/gems/sqlite3-1.6.3/ports/x86_64-linux-gnu/sqlite3/3.42.0/lib/libsqlite3.la
libtool: install: /usr/bin/install -c .libs/libsqlite3.a /home/y-kawahara/fjord-books_app-2023/vendor/bundle/ruby/3.4.0/gems/sqlite3-1.6.3/ports/x86_64-linux-gnu/sqlite3/3.42.0/lib/libsqlite3.a
libtool: install: chmod 644 /home/y-kawahara/fjord-books_app-2023/vendor/bundle/ruby/3.4.0/gems/sqlite3-1.6.3/ports/x86_64-linux-gnu/sqlite3/3.42.0/lib/libsqlite3.a
libtool: install: x86_64-linux-gnu-ranlib /home/y-kawahara/fjord-books_app-2023/vendor/bundle/ruby/3.4.0/gems/sqlite3-1.6.3/ports/x86_64-linux-gnu/sqlite3/3.42.0/lib/libsqlite3.a
libtool: finish: PATH="/home/y-kawahara/.rbenv/versions/3.4.5/bin:/home/linuxbrew/.linuxbrew/Cellar/rbenv/1.3.2/libexec:/home/y-kawahara/bin:/home/linuxbrew/.linuxbrew/bin:/home/linuxbrew/.linuxbrew/sbin:/home/y-kawahara/bin:/home/linuxbrew/.linuxbrew/bin:/home/linuxbrew/.linuxbrew/sbin:/home/y-kawahara/.rbenv/shims:/home/linuxbrew/.linuxbrew/bin:/home/y-kawahara/.nvm/versions/node/v22.20.0/bin:/home/y-kawahara/bin:/home/linuxbrew/.linuxbrew/bin:/home/linuxbrew/.linuxbrew/sbin:/home/y-kawahara/.rbenv/shims:/home/linuxbrew/.linuxbrew/bin:/usr/local/sbin:/usr/local/bin:/usr/sbin:/usr/bin:/sbin:/bin:/usr/games:/usr/local/games:/usr/lib/wsl/lib:/mnt/c/WINDOWS/system32:/mnt/c/WINDOWS:/mnt/c/WINDOWS/System32/Wbem:/mnt/c/WINDOWS/System32/WindowsPowerShell/v1.0/:/mnt/c/WINDOWS/System32/OpenSSH/:/mnt/c/ProgramData/chocolatey/bin:/mnt/c/Program Files (x86)/Plantronics/Spokes3G SDK/:/mnt/c/Program Files/Microsoft SQL Server/150/Tools/Binn/:/mnt/c/Program Files/Microsoft SQL Server/Client SDK/ODBC/170/Tools/Binn/:/mnt/c/Program Files/dotnet/:/mnt/c/Users/y.kawahara/AppData/Local/Microsoft/WindowsApps:/mnt/c/Users/y.kawahara/AppData/Local/Programs/cursor/resources/app/bin:/mnt/c/Users/y.kawahara/AppData/Local/Programs/Microsoft VS Code/bin:/mnt/c/Users/y.kawahara/.dotnet/tools:/sbin" ldconfig -n /home/y-kawahara/fjord-books_app-2023/vendor/bundle/ruby/3.4.0/gems/sqlite3-1.6.3/ports/x86_64-linux-gnu/sqlite3/3.42.0/lib
----------------------------------------------------------------------
Libraries have been installed in:
   /home/y-kawahara/fjord-books_app-2023/vendor/bundle/ruby/3.4.0/gems/sqlite3-1.6.3/ports/x86_64-linux-gnu/sqlite3/3.42.0/lib

If you ever happen to want to link against installed libraries
in a given directory, LIBDIR, you must either use libtool, and
specify the full pathname of the library, or use the '-LLIBDIR'
flag during linking and do at least one of the following:
   - add LIBDIR to the 'LD_LIBRARY_PATH' environment variable
     during execution
   - add LIBDIR to the 'LD_RUN_PATH' environment variable
     during linking
   - use the '-Wl,-rpath -Wl,LIBDIR' linker flag
   - have your system administrator add LIBDIR to '/etc/ld.so.conf'

See any operating system documentation about shared libraries for
more information, such as the ld(1) and ld.so(8) manual pages.
----------------------------------------------------------------------
 /usr/bin/mkdir -p '/home/y-kawahara/fjord-books_app-2023/vendor/bundle/ruby/3.4.0/gems/sqlite3-1.6.3/ports/x86_64-linux-gnu/sqlite3/3.42.0/bin'
  /bin/bash ./libtool   --mode=install /usr/bin/install -c sqlite3 '/home/y-kawahara/fjord-books_app-2023/vendor/bundle/ruby/3.4.0/gems/sqlite3-1.6.3/ports/x86_64-linux-gnu/sqlite3/3.42.0/bin'
libtool: install: /usr/bin/install -c sqlite3 /home/y-kawahara/fjord-books_app-2023/vendor/bundle/ruby/3.4.0/gems/sqlite3-1.6.3/ports/x86_64-linux-gnu/sqlite3/3.42.0/bin/sqlite3
 /usr/bin/mkdir -p '/home/y-kawahara/fjord-books_app-2023/vendor/bundle/ruby/3.4.0/gems/sqlite3-1.6.3/ports/x86_64-linux-gnu/sqlite3/3.42.0/include'
 /usr/bin/install -c -m 644 sqlite3.h sqlite3ext.h '/home/y-kawahara/fjord-books_app-2023/vendor/bundle/ruby/3.4.0/gems/sqlite3-1.6.3/ports/x86_64-linux-gnu/sqlite3/3.42.0/include'
 /usr/bin/mkdir -p '/home/y-kawahara/fjord-books_app-2023/vendor/bundle/ruby/3.4.0/gems/sqlite3-1.6.3/ports/x86_64-linux-gnu/sqlite3/3.42.0/share/man/man1'
 /usr/bin/install -c -m 644 sqlite3.1 '/home/y-kawahara/fjord-books_app-2023/vendor/bundle/ruby/3.4.0/gems/sqlite3-1.6.3/ports/x86_64-linux-gnu/sqlite3/3.42.0/share/man/man1'
 /usr/bin/mkdir -p '/home/y-kawahara/fjord-books_app-2023/vendor/bundle/ruby/3.4.0/gems/sqlite3-1.6.3/ports/x86_64-linux-gnu/sqlite3/3.42.0/lib/pkgconfig'
 /usr/bin/install -c -m 644 sqlite3.pc '/home/y-kawahara/fjord-books_app-2023/vendor/bundle/ruby/3.4.0/gems/sqlite3-1.6.3/ports/x86_64-linux-gnu/sqlite3/3.42.0/lib/pkgconfig'
make[1]: Leaving directory '/home/y-kawahara/fjord-books_app-2023/vendor/bundle/ruby/3.4.0/gems/sqlite3-1.6.3/ext/sqlite3/tmp/x86_64-linux-gnu/ports/sqlite3/3.42.0/sqlite-autoconf-3420000'
