current directory: /home/y-kawahara/fjord-books_app-2023/vendor/bundle/ruby/3.4.0/gems/nio4r-2.5.9/ext/nio4r
/home/y-kawahara/.rbenv/versions/3.4.5/bin/ruby extconf.rb
checking for unistd.h... yes
checking for linux/aio_abi.h... yes
checking for linux/io_uring.h... yes
checking for sys/select.h... yes
checking for port_event_t in poll.h... no
checking for sys/epoll.h... yes
checking for sys/event.h... no
checking for port_event_t in port.h... no
checking for sys/resource.h... yes
creating Makefile

current directory: /home/y-kawahara/fjord-books_app-2023/vendor/bundle/ruby/3.4.0/gems/nio4r-2.5.9/ext/nio4r
make DESTDIR\= sitearchdir\=./.gem.20251007-106966-b2bj3r sitelibdir\=./.gem.20251007-106966-b2bj3r clean

current directory: /home/y-kawahara/fjord-books_app-2023/vendor/bundle/ruby/3.4.0/gems/nio4r-2.5.9/ext/nio4r
make DESTDIR\= sitearchdir\=./.gem.20251007-106966-b2bj3r sitelibdir\=./.gem.20251007-106966-b2bj3r
compiling bytebuffer.c
bytebuffer.c: In function ‘Init_NIO_ByteBuffer’:
bytebuffer.c:39:6: warning: old-style function definition [-Wold-style-definition]
   39 | void Init_NIO_ByteBuffer()
      |      ^~~~~~~~~~~~~~~~~~~
bytebuffer.c: In function ‘NIO_ByteBuffer_allocate’:
bytebuffer.c:79:5: warning: ‘rb_data_object_wrap_warning’ is deprecated: by TypedData [-Wdeprecated-declarations]
   79 |     return Data_Wrap_Struct(klass, NIO_ByteBuffer_gc_mark, NIO_ByteBuffer_free, bytebuffer);
      |     ^~~~~~
In file included from /home/y-kawahara/.rbenv/versions/3.4.5/include/ruby-3.4.0/ruby/internal/core.h:27,
                 from /home/y-kawahara/.rbenv/versions/3.4.5/include/ruby-3.4.0/ruby/ruby.h:29,
                 from /home/y-kawahara/.rbenv/versions/3.4.5/include/ruby-3.4.0/ruby.h:38,
                 from nio4r.h:10,
                 from bytebuffer.c:1:
/home/y-kawahara/.rbenv/versions/3.4.5/include/ruby-3.4.0/ruby/internal/core/rdata.h:293:1: note: declared here
  293 | rb_data_object_wrap_warning(VALUE klass, void *ptr, RUBY_DATA_FUNC mark, RUBY_DATA_FUNC free)
      | ^~~~~~~~~~~~~~~~~~~~~~~~~~~
In file included from /home/y-kawahara/.rbenv/versions/3.4.5/include/ruby-3.4.0/ruby/internal/assume.h:29,
                 from /home/y-kawahara/.rbenv/versions/3.4.5/include/ruby-3.4.0/ruby/backward/2/assume.h:24,
                 from /home/y-kawahara/.rbenv/versions/3.4.5/include/ruby-3.4.0/ruby/defines.h:72,
                 from /home/y-kawahara/.rbenv/versions/3.4.5/include/ruby-3.4.0/ruby/ruby.h:25:
bytebuffer.c: In function ‘NIO_ByteBuffer_initialize’:
bytebuffer.c:96:34: warning: ‘rb_data_object_get_warning’ is deprecated: by TypedData [-Wdeprecated-declarations]
   96 |     Data_Get_Struct(self, struct NIO_ByteBuffer, buffer);
      |                                  ^~~~~~~~~~~~~~
/home/y-kawahara/.rbenv/versions/3.4.5/include/ruby-3.4.0/ruby/internal/cast.h:31:29: note: in definition of macro ‘RBIMPL_CAST’
   31 | # define RBIMPL_CAST(expr) (expr)
      |                             ^~~~
bytebuffer.c:96:5: note: in expansion of macro ‘Data_Get_Struct’
   96 |     Data_Get_Struct(self, struct NIO_ByteBuffer, buffer);
      |     ^~~~~~~~~~~~~~~
/home/y-kawahara/.rbenv/versions/3.4.5/include/ruby-3.4.0/ruby/internal/core/rdata.h:325:1: note: declared here
  325 | rb_data_object_get_warning(VALUE obj)
      | ^~~~~~~~~~~~~~~~~~~~~~~~~~
bytebuffer.c: In function ‘NIO_ByteBuffer_clear’:
bytebuffer.c:109:34: warning: ‘rb_data_object_get_warning’ is deprecated: by TypedData [-Wdeprecated-declarations]
  109 |     Data_Get_Struct(self, struct NIO_ByteBuffer, buffer);
      |                                  ^~~~~~~~~~~~~~
/home/y-kawahara/.rbenv/versions/3.4.5/include/ruby-3.4.0/ruby/internal/cast.h:31:29: note: in definition of macro ‘RBIMPL_CAST’
   31 | # define RBIMPL_CAST(expr) (expr)
      |                             ^~~~
bytebuffer.c:109:5: note: in expansion of macro ‘Data_Get_Struct’
  109 |     Data_Get_Struct(self, struct NIO_ByteBuffer, buffer);
      |     ^~~~~~~~~~~~~~~
/home/y-kawahara/.rbenv/versions/3.4.5/include/ruby-3.4.0/ruby/internal/core/rdata.h:325:1: note: declared here
  325 | rb_data_object_get_warning(VALUE obj)
      | ^~~~~~~~~~~~~~~~~~~~~~~~~~
bytebuffer.c: In function ‘NIO_ByteBuffer_get_position’:
bytebuffer.c:123:34: warning: ‘rb_data_object_get_warning’ is deprecated: by TypedData [-Wdeprecated-declarations]
  123 |     Data_Get_Struct(self, struct NIO_ByteBuffer, buffer);
      |                                  ^~~~~~~~~~~~~~
/home/y-kawahara/.rbenv/versions/3.4.5/include/ruby-3.4.0/ruby/internal/cast.h:31:29: note: in definition of macro ‘RBIMPL_CAST’
   31 | # define RBIMPL_CAST(expr) (expr)
      |                             ^~~~
bytebuffer.c:123:5: note: in expansion of macro ‘Data_Get_Struct’
  123 |     Data_Get_Struct(self, struct NIO_ByteBuffer, buffer);
      |     ^~~~~~~~~~~~~~~
/home/y-kawahara/.rbenv/versions/3.4.5/include/ruby-3.4.0/ruby/internal/core/rdata.h:325:1: note: declared here
  325 | rb_data_object_get_warning(VALUE obj)
      | ^~~~~~~~~~~~~~~~~~~~~~~~~~
bytebuffer.c: In function ‘NIO_ByteBuffer_set_position’:
bytebuffer.c:132:34: warning: ‘rb_data_object_get_warning’ is deprecated: by TypedData [-Wdeprecated-declarations]
  132 |     Data_Get_Struct(self, struct NIO_ByteBuffer, buffer);
      |                                  ^~~~~~~~~~~~~~
/home/y-kawahara/.rbenv/versions/3.4.5/include/ruby-3.4.0/ruby/internal/cast.h:31:29: note: in definition of macro ‘RBIMPL_CAST’
   31 | # define RBIMPL_CAST(expr) (expr)
      |                             ^~~~
bytebuffer.c:132:5: note: in expansion of macro ‘Data_Get_Struct’
  132 |     Data_Get_Struct(self, struct NIO_ByteBuffer, buffer);
      |     ^~~~~~~~~~~~~~~
/home/y-kawahara/.rbenv/versions/3.4.5/include/ruby-3.4.0/ruby/internal/core/rdata.h:325:1: note: declared here
  325 | rb_data_object_get_warning(VALUE obj)
      | ^~~~~~~~~~~~~~~~~~~~~~~~~~
bytebuffer.c: In function ‘NIO_ByteBuffer_get_limit’:
bytebuffer.c:156:34: warning: ‘rb_data_object_get_warning’ is deprecated: by TypedData [-Wdeprecated-declarations]
  156 |     Data_Get_Struct(self, struct NIO_ByteBuffer, buffer);
      |                                  ^~~~~~~~~~~~~~
/home/y-kawahara/.rbenv/versions/3.4.5/include/ruby-3.4.0/ruby/internal/cast.h:31:29: note: in definition of macro ‘RBIMPL_CAST’
   31 | # define RBIMPL_CAST(expr) (expr)
      |                             ^~~~
bytebuffer.c:156:5: note: in expansion of macro ‘Data_Get_Struct’
  156 |     Data_Get_Struct(self, struct NIO_ByteBuffer, buffer);
      |     ^~~~~~~~~~~~~~~
/home/y-kawahara/.rbenv/versions/3.4.5/include/ruby-3.4.0/ruby/internal/core/rdata.h:325:1: note: declared here
  325 | rb_data_object_get_warning(VALUE obj)
      | ^~~~~~~~~~~~~~~~~~~~~~~~~~
bytebuffer.c: In function ‘NIO_ByteBuffer_set_limit’:
bytebuffer.c:165:34: warning: ‘rb_data_object_get_warning’ is deprecated: by TypedData [-Wdeprecated-declarations]
  165 |     Data_Get_Struct(self, struct NIO_ByteBuffer, buffer);
      |                                  ^~~~~~~~~~~~~~
/home/y-kawahara/.rbenv/versions/3.4.5/include/ruby-3.4.0/ruby/internal/cast.h:31:29: note: in definition of macro ‘RBIMPL_CAST’
   31 | # define RBIMPL_CAST(expr) (expr)
      |                             ^~~~
bytebuffer.c:165:5: note: in expansion of macro ‘Data_Get_Struct’
  165 |     Data_Get_Struct(self, struct NIO_ByteBuffer, buffer);
      |     ^~~~~~~~~~~~~~~
/home/y-kawahara/.rbenv/versions/3.4.5/include/ruby-3.4.0/ruby/internal/core/rdata.h:325:1: note: declared here
  325 | rb_data_object_get_warning(VALUE obj)
      | ^~~~~~~~~~~~~~~~~~~~~~~~~~
bytebuffer.c: In function ‘NIO_ByteBuffer_capacity’:
bytebuffer.c:193:34: warning: ‘rb_data_object_get_warning’ is deprecated: by TypedData [-Wdeprecated-declarations]
  193 |     Data_Get_Struct(self, struct NIO_ByteBuffer, buffer);
      |                                  ^~~~~~~~~~~~~~
/home/y-kawahara/.rbenv/versions/3.4.5/include/ruby-3.4.0/ruby/internal/cast.h:31:29: note: in definition of macro ‘RBIMPL_CAST’
   31 | # define RBIMPL_CAST(expr) (expr)
      |                             ^~~~
bytebuffer.c:193:5: note: in expansion of macro ‘Data_Get_Struct’
  193 |     Data_Get_Struct(self, struct NIO_ByteBuffer, buffer);
      |     ^~~~~~~~~~~~~~~
/home/y-kawahara/.rbenv/versions/3.4.5/include/ruby-3.4.0/ruby/internal/core/rdata.h:325:1: note: declared here
  325 | rb_data_object_get_warning(VALUE obj)
      | ^~~~~~~~~~~~~~~~~~~~~~~~~~
bytebuffer.c: In function ‘NIO_ByteBuffer_remaining’:
bytebuffer.c:201:34: warning: ‘rb_data_object_get_warning’ is deprecated: by TypedData [-Wdeprecated-declarations]
  201 |     Data_Get_Struct(self, struct NIO_ByteBuffer, buffer);
      |                                  ^~~~~~~~~~~~~~
/home/y-kawahara/.rbenv/versions/3.4.5/include/ruby-3.4.0/ruby/internal/cast.h:31:29: note: in definition of macro ‘RBIMPL_CAST’
   31 | # define RBIMPL_CAST(expr) (expr)
      |                             ^~~~
bytebuffer.c:201:5: note: in expansion of macro ‘Data_Get_Struct’
  201 |     Data_Get_Struct(self, struct NIO_ByteBuffer, buffer);
      |     ^~~~~~~~~~~~~~~
/home/y-kawahara/.rbenv/versions/3.4.5/include/ruby-3.4.0/ruby/internal/core/rdata.h:325:1: note: declared here
  325 | rb_data_object_get_warning(VALUE obj)
      | ^~~~~~~~~~~~~~~~~~~~~~~~~~
bytebuffer.c: In function ‘NIO_ByteBuffer_full’:
bytebuffer.c:209:34: warning: ‘rb_data_object_get_warning’ is deprecated: by TypedData [-Wdeprecated-declarations]
  209 |     Data_Get_Struct(self, struct NIO_ByteBuffer, buffer);
      |                                  ^~~~~~~~~~~~~~
/home/y-kawahara/.rbenv/versions/3.4.5/include/ruby-3.4.0/ruby/internal/cast.h:31:29: note: in definition of macro ‘RBIMPL_CAST’
   31 | # define RBIMPL_CAST(expr) (expr)
      |                             ^~~~
bytebuffer.c:209:5: note: in expansion of macro ‘Data_Get_Struct’
  209 |     Data_Get_Struct(self, struct NIO_ByteBuffer, buffer);
      |     ^~~~~~~~~~~~~~~
/home/y-kawahara/.rbenv/versions/3.4.5/include/ruby-3.4.0/ruby/internal/core/rdata.h:325:1: note: declared here
  325 | rb_data_object_get_warning(VALUE obj)
      | ^~~~~~~~~~~~~~~~~~~~~~~~~~
bytebuffer.c: In function ‘NIO_ByteBuffer_get’:
bytebuffer.c:219:34: warning: ‘rb_data_object_get_warning’ is deprecated: by TypedData [-Wdeprecated-declarations]
  219 |     Data_Get_Struct(self, struct NIO_ByteBuffer, buffer);
      |                                  ^~~~~~~~~~~~~~
/home/y-kawahara/.rbenv/versions/3.4.5/include/ruby-3.4.0/ruby/internal/cast.h:31:29: note: in definition of macro ‘RBIMPL_CAST’
   31 | # define RBIMPL_CAST(expr) (expr)
      |                             ^~~~
bytebuffer.c:219:5: note: in expansion of macro ‘Data_Get_Struct’
  219 |     Data_Get_Struct(self, struct NIO_ByteBuffer, buffer);
      |     ^~~~~~~~~~~~~~~
/home/y-kawahara/.rbenv/versions/3.4.5/include/ruby-3.4.0/ruby/internal/core/rdata.h:325:1: note: declared here
  325 | rb_data_object_get_warning(VALUE obj)
      | ^~~~~~~~~~~~~~~~~~~~~~~~~~
bytebuffer.c: In function ‘NIO_ByteBuffer_fetch’:
bytebuffer.c:247:34: warning: ‘rb_data_object_get_warning’ is deprecated: by TypedData [-Wdeprecated-declarations]
  247 |     Data_Get_Struct(self, struct NIO_ByteBuffer, buffer);
      |                                  ^~~~~~~~~~~~~~
/home/y-kawahara/.rbenv/versions/3.4.5/include/ruby-3.4.0/ruby/internal/cast.h:31:29: note: in definition of macro ‘RBIMPL_CAST’
   31 | # define RBIMPL_CAST(expr) (expr)
      |                             ^~~~
bytebuffer.c:247:5: note: in expansion of macro ‘Data_Get_Struct’
  247 |     Data_Get_Struct(self, struct NIO_ByteBuffer, buffer);
      |     ^~~~~~~~~~~~~~~
/home/y-kawahara/.rbenv/versions/3.4.5/include/ruby-3.4.0/ruby/internal/core/rdata.h:325:1: note: declared here
  325 | rb_data_object_get_warning(VALUE obj)
      | ^~~~~~~~~~~~~~~~~~~~~~~~~~
bytebuffer.c: In function ‘NIO_ByteBuffer_put’:
bytebuffer.c:266:34: warning: ‘rb_data_object_get_warning’ is deprecated: by TypedData [-Wdeprecated-declarations]
  266 |     Data_Get_Struct(self, struct NIO_ByteBuffer, buffer);
      |                                  ^~~~~~~~~~~~~~
/home/y-kawahara/.rbenv/versions/3.4.5/include/ruby-3.4.0/ruby/internal/cast.h:31:29: note: in definition of macro ‘RBIMPL_CAST’
   31 | # define RBIMPL_CAST(expr) (expr)
      |                             ^~~~
bytebuffer.c:266:5: note: in expansion of macro ‘Data_Get_Struct’
  266 |     Data_Get_Struct(self, struct NIO_ByteBuffer, buffer);
      |     ^~~~~~~~~~~~~~~
/home/y-kawahara/.rbenv/versions/3.4.5/include/ruby-3.4.0/ruby/internal/core/rdata.h:325:1: note: declared here
  325 | rb_data_object_get_warning(VALUE obj)
      | ^~~~~~~~~~~~~~~~~~~~~~~~~~
bytebuffer.c: In function ‘NIO_ByteBuffer_read_from’:
bytebuffer.c:287:34: warning: ‘rb_data_object_get_warning’ is deprecated: by TypedData [-Wdeprecated-declarations]
  287 |     Data_Get_Struct(self, struct NIO_ByteBuffer, buffer);
      |                                  ^~~~~~~~~~~~~~
/home/y-kawahara/.rbenv/versions/3.4.5/include/ruby-3.4.0/ruby/internal/cast.h:31:29: note: in definition of macro ‘RBIMPL_CAST’
   31 | # define RBIMPL_CAST(expr) (expr)
      |                             ^~~~
bytebuffer.c:287:5: note: in expansion of macro ‘Data_Get_Struct’
  287 |     Data_Get_Struct(self, struct NIO_ByteBuffer, buffer);
      |     ^~~~~~~~~~~~~~~
/home/y-kawahara/.rbenv/versions/3.4.5/include/ruby-3.4.0/ruby/internal/core/rdata.h:325:1: note: declared here
  325 | rb_data_object_get_warning(VALUE obj)
      | ^~~~~~~~~~~~~~~~~~~~~~~~~~
bytebuffer.c:296:5: warning: ‘fd’ is deprecated: rb_io_descriptor [-Wdeprecated-declarations]
  296 |     bytes_read = read(FPTR_TO_FD(fptr), buffer->buffer + buffer->position, nbytes);
      |     ^~~~~~~~~~
In file included from nio4r.h:11:
/home/y-kawahara/.rbenv/versions/3.4.5/include/ruby-3.4.0/ruby/io.h:154:9: note: declared here
  154 |     int fd;
      |         ^~
bytebuffer.c: In function ‘NIO_ByteBuffer_write_to’:
bytebuffer.c:317:34: warning: ‘rb_data_object_get_warning’ is deprecated: by TypedData [-Wdeprecated-declarations]
  317 |     Data_Get_Struct(self, struct NIO_ByteBuffer, buffer);
      |                                  ^~~~~~~~~~~~~~
/home/y-kawahara/.rbenv/versions/3.4.5/include/ruby-3.4.0/ruby/internal/cast.h:31:29: note: in definition of macro ‘RBIMPL_CAST’
   31 | # define RBIMPL_CAST(expr) (expr)
      |                             ^~~~
bytebuffer.c:317:5: note: in expansion of macro ‘Data_Get_Struct’
  317 |     Data_Get_Struct(self, struct NIO_ByteBuffer, buffer);
      |     ^~~~~~~~~~~~~~~
/home/y-kawahara/.rbenv/versions/3.4.5/include/ruby-3.4.0/ruby/internal/core/rdata.h:325:1: note: declared here
  325 | rb_data_object_get_warning(VALUE obj)
      | ^~~~~~~~~~~~~~~~~~~~~~~~~~
bytebuffer.c:326:5: warning: ‘fd’ is deprecated: rb_io_descriptor [-Wdeprecated-declarations]
  326 |     bytes_written = write(FPTR_TO_FD(fptr), buffer->buffer + buffer->position, nbytes);
      |     ^~~~~~~~~~~~~
/home/y-kawahara/.rbenv/versions/3.4.5/include/ruby-3.4.0/ruby/io.h:154:9: note: declared here
  154 |     int fd;
      |         ^~
bytebuffer.c: In function ‘NIO_ByteBuffer_flip’:
bytebuffer.c:344:34: warning: ‘rb_data_object_get_warning’ is deprecated: by TypedData [-Wdeprecated-declarations]
  344 |     Data_Get_Struct(self, struct NIO_ByteBuffer, buffer);
      |                                  ^~~~~~~~~~~~~~
/home/y-kawahara/.rbenv/versions/3.4.5/include/ruby-3.4.0/ruby/internal/cast.h:31:29: note: in definition of macro ‘RBIMPL_CAST’
   31 | # define RBIMPL_CAST(expr) (expr)
      |                             ^~~~
bytebuffer.c:344:5: note: in expansion of macro ‘Data_Get_Struct’
  344 |     Data_Get_Struct(self, struct NIO_ByteBuffer, buffer);
      |     ^~~~~~~~~~~~~~~
/home/y-kawahara/.rbenv/versions/3.4.5/include/ruby-3.4.0/ruby/internal/core/rdata.h:325:1: note: declared here
  325 | rb_data_object_get_warning(VALUE obj)
      | ^~~~~~~~~~~~~~~~~~~~~~~~~~
bytebuffer.c: In function ‘NIO_ByteBuffer_rewind’:
bytebuffer.c:356:34: warning: ‘rb_data_object_get_warning’ is deprecated: by TypedData [-Wdeprecated-declarations]
  356 |     Data_Get_Struct(self, struct NIO_ByteBuffer, buffer);
      |                                  ^~~~~~~~~~~~~~
/home/y-kawahara/.rbenv/versions/3.4.5/include/ruby-3.4.0/ruby/internal/cast.h:31:29: note: in definition of macro ‘RBIMPL_CAST’
   31 | # define RBIMPL_CAST(expr) (expr)
      |                             ^~~~
bytebuffer.c:356:5: note: in expansion of macro ‘Data_Get_Struct’
  356 |     Data_Get_Struct(self, struct NIO_ByteBuffer, buffer);
      |     ^~~~~~~~~~~~~~~
/home/y-kawahara/.rbenv/versions/3.4.5/include/ruby-3.4.0/ruby/internal/core/rdata.h:325:1: note: declared here
  325 | rb_data_object_get_warning(VALUE obj)
      | ^~~~~~~~~~~~~~~~~~~~~~~~~~
bytebuffer.c: In function ‘NIO_ByteBuffer_mark’:
bytebuffer.c:367:34: warning: ‘rb_data_object_get_warning’ is deprecated: by TypedData [-Wdeprecated-declarations]
  367 |     Data_Get_Struct(self, struct NIO_ByteBuffer, buffer);
      |                                  ^~~~~~~~~~~~~~
/home/y-kawahara/.rbenv/versions/3.4.5/include/ruby-3.4.0/ruby/internal/cast.h:31:29: note: in definition of macro ‘RBIMPL_CAST’
   31 | # define RBIMPL_CAST(expr) (expr)
      |                             ^~~~
bytebuffer.c:367:5: note: in expansion of macro ‘Data_Get_Struct’
  367 |     Data_Get_Struct(self, struct NIO_ByteBuffer, buffer);
      |     ^~~~~~~~~~~~~~~
/home/y-kawahara/.rbenv/versions/3.4.5/include/ruby-3.4.0/ruby/internal/core/rdata.h:325:1: note: declared here
  325 | rb_data_object_get_warning(VALUE obj)
      | ^~~~~~~~~~~~~~~~~~~~~~~~~~
bytebuffer.c: In function ‘NIO_ByteBuffer_reset’:
bytebuffer.c:376:34: warning: ‘rb_data_object_get_warning’ is deprecated: by TypedData [-Wdeprecated-declarations]
  376 |     Data_Get_Struct(self, struct NIO_ByteBuffer, buffer);
      |                                  ^~~~~~~~~~~~~~
/home/y-kawahara/.rbenv/versions/3.4.5/include/ruby-3.4.0/ruby/internal/cast.h:31:29: note: in definition of macro ‘RBIMPL_CAST’
   31 | # define RBIMPL_CAST(expr) (expr)
      |                             ^~~~
bytebuffer.c:376:5: note: in expansion of macro ‘Data_Get_Struct’
  376 |     Data_Get_Struct(self, struct NIO_ByteBuffer, buffer);
      |     ^~~~~~~~~~~~~~~
/home/y-kawahara/.rbenv/versions/3.4.5/include/ruby-3.4.0/ruby/internal/core/rdata.h:325:1: note: declared here
  325 | rb_data_object_get_warning(VALUE obj)
      | ^~~~~~~~~~~~~~~~~~~~~~~~~~
bytebuffer.c: In function ‘NIO_ByteBuffer_compact’:
bytebuffer.c:390:34: warning: ‘rb_data_object_get_warning’ is deprecated: by TypedData [-Wdeprecated-declarations]
  390 |     Data_Get_Struct(self, struct NIO_ByteBuffer, buffer);
      |                                  ^~~~~~~~~~~~~~
/home/y-kawahara/.rbenv/versions/3.4.5/include/ruby-3.4.0/ruby/internal/cast.h:31:29: note: in definition of macro ‘RBIMPL_CAST’
   31 | # define RBIMPL_CAST(expr) (expr)
      |                             ^~~~
bytebuffer.c:390:5: note: in expansion of macro ‘Data_Get_Struct’
  390 |     Data_Get_Struct(self, struct NIO_ByteBuffer, buffer);
      |     ^~~~~~~~~~~~~~~
/home/y-kawahara/.rbenv/versions/3.4.5/include/ruby-3.4.0/ruby/internal/core/rdata.h:325:1: note: declared here
  325 | rb_data_object_get_warning(VALUE obj)
      | ^~~~~~~~~~~~~~~~~~~~~~~~~~
bytebuffer.c: In function ‘NIO_ByteBuffer_each’:
bytebuffer.c:403:34: warning: ‘rb_data_object_get_warning’ is deprecated: by TypedData [-Wdeprecated-declarations]
  403 |     Data_Get_Struct(self, struct NIO_ByteBuffer, buffer);
      |                                  ^~~~~~~~~~~~~~
/home/y-kawahara/.rbenv/versions/3.4.5/include/ruby-3.4.0/ruby/internal/cast.h:31:29: note: in definition of macro ‘RBIMPL_CAST’
   31 | # define RBIMPL_CAST(expr) (expr)
      |                             ^~~~
bytebuffer.c:403:5: note: in expansion of macro ‘Data_Get_Struct’
  403 |     Data_Get_Struct(self, struct NIO_ByteBuffer, buffer);
      |     ^~~~~~~~~~~~~~~
/home/y-kawahara/.rbenv/versions/3.4.5/include/ruby-3.4.0/ruby/internal/core/rdata.h:325:1: note: declared here
  325 | rb_data_object_get_warning(VALUE obj)
      | ^~~~~~~~~~~~~~~~~~~~~~~~~~
bytebuffer.c: In function ‘NIO_ByteBuffer_inspect’:
bytebuffer.c:419:34: warning: ‘rb_data_object_get_warning’ is deprecated: by TypedData [-Wdeprecated-declarations]
  419 |     Data_Get_Struct(self, struct NIO_ByteBuffer, buffer);
      |                                  ^~~~~~~~~~~~~~
/home/y-kawahara/.rbenv/versions/3.4.5/include/ruby-3.4.0/ruby/internal/cast.h:31:29: note: in definition of macro ‘RBIMPL_CAST’
   31 | # define RBIMPL_CAST(expr) (expr)
      |                             ^~~~
bytebuffer.c:419:5: note: in expansion of macro ‘Data_Get_Struct’
  419 |     Data_Get_Struct(self, struct NIO_ByteBuffer, buffer);
      |     ^~~~~~~~~~~~~~~
/home/y-kawahara/.rbenv/versions/3.4.5/include/ruby-3.4.0/ruby/internal/core/rdata.h:325:1: note: declared here
  325 | rb_data_object_get_warning(VALUE obj)
      | ^~~~~~~~~~~~~~~~~~~~~~~~~~
At top level:
cc1: note: unrecognized command-line option ‘-Wno-self-assign’ may have been intended to silence earlier diagnostics
cc1: note: unrecognized command-line option ‘-Wno-parentheses-equality’ may have been intended to silence earlier diagnostics
cc1: note: unrecognized command-line option ‘-Wno-constant-logical-operand’ may have been intended to silence earlier diagnostics
compiling monitor.c
monitor.c: In function ‘Init_NIO_Monitor’:
monitor.c:38:6: warning: old-style function definition [-Wold-style-definition]
   38 | void Init_NIO_Monitor()
      |      ^~~~~~~~~~~~~~~~
monitor.c: In function ‘NIO_Monitor_allocate’:
monitor.c:66:5: warning: ‘rb_data_object_wrap_warning’ is deprecated: by TypedData [-Wdeprecated-declarations]
   66 |     return Data_Wrap_Struct(klass, NIO_Monitor_mark, NIO_Monitor_free, monitor);
      |     ^~~~~~
In file included from /home/y-kawahara/.rbenv/versions/3.4.5/include/ruby-3.4.0/ruby/internal/core.h:27,
                 from /home/y-kawahara/.rbenv/versions/3.4.5/include/ruby-3.4.0/ruby/ruby.h:29,
                 from /home/y-kawahara/.rbenv/versions/3.4.5/include/ruby-3.4.0/ruby.h:38,
                 from nio4r.h:10,
                 from monitor.c:6:
/home/y-kawahara/.rbenv/versions/3.4.5/include/ruby-3.4.0/ruby/internal/core/rdata.h:293:1: note: declared here
  293 | rb_data_object_wrap_warning(VALUE klass, void *ptr, RUBY_DATA_FUNC mark, RUBY_DATA_FUNC free)
      | ^~~~~~~~~~~~~~~~~~~~~~~~~~~
In file included from /home/y-kawahara/.rbenv/versions/3.4.5/include/ruby-3.4.0/ruby/internal/assume.h:29,
                 from /home/y-kawahara/.rbenv/versions/3.4.5/include/ruby-3.4.0/ruby/backward/2/assume.h:24,
                 from /home/y-kawahara/.rbenv/versions/3.4.5/include/ruby-3.4.0/ruby/defines.h:72,
                 from /home/y-kawahara/.rbenv/versions/3.4.5/include/ruby-3.4.0/ruby/ruby.h:25:
monitor.c: In function ‘NIO_Monitor_initialize’:
monitor.c:88:34: warning: ‘rb_data_object_get_warning’ is deprecated: by TypedData [-Wdeprecated-declarations]
   88 |     Data_Get_Struct(self, struct NIO_Monitor, monitor);
      |                                  ^~~~~~~~~~~
/home/y-kawahara/.rbenv/versions/3.4.5/include/ruby-3.4.0/ruby/internal/cast.h:31:29: note: in definition of macro ‘RBIMPL_CAST’
   31 | # define RBIMPL_CAST(expr) (expr)
      |                             ^~~~
monitor.c:88:5: note: in expansion of macro ‘Data_Get_Struct’
   88 |     Data_Get_Struct(self, struct NIO_Monitor, monitor);
      |     ^~~~~~~~~~~~~~~
/home/y-kawahara/.rbenv/versions/3.4.5/include/ruby-3.4.0/ruby/internal/core/rdata.h:325:1: note: declared here
  325 | rb_data_object_get_warning(VALUE obj)
      | ^~~~~~~~~~~~~~~~~~~~~~~~~~
monitor.c:101:5: warning: ‘fd’ is deprecated: rb_io_descriptor [-Wdeprecated-declarations]
  101 |     ev_io_init(&monitor->ev_io, NIO_Selector_monitor_callback, FPTR_TO_FD(fptr), monitor->interests);
      |     ^~~~~~~~~~
In file included from nio4r.h:11:
/home/y-kawahara/.rbenv/versions/3.4.5/include/ruby-3.4.0/ruby/io.h:154:9: note: declared here
  154 |     int fd;
      |         ^~
monitor.c:107:42: warning: ‘rb_data_object_get_warning’ is deprecated: by TypedData [-Wdeprecated-declarations]
  107 |     Data_Get_Struct(selector_obj, struct NIO_Selector, selector);
      |                                          ^~~~~~~~~~~~
/home/y-kawahara/.rbenv/versions/3.4.5/include/ruby-3.4.0/ruby/internal/cast.h:31:29: note: in definition of macro ‘RBIMPL_CAST’
   31 | # define RBIMPL_CAST(expr) (expr)
      |                             ^~~~
monitor.c:107:5: note: in expansion of macro ‘Data_Get_Struct’
  107 |     Data_Get_Struct(selector_obj, struct NIO_Selector, selector);
      |     ^~~~~~~~~~~~~~~
/home/y-kawahara/.rbenv/versions/3.4.5/include/ruby-3.4.0/ruby/internal/core/rdata.h:325:1: note: declared here
  325 | rb_data_object_get_warning(VALUE obj)
      | ^~~~~~~~~~~~~~~~~~~~~~~~~~
monitor.c: In function ‘NIO_Monitor_close’:
monitor.c:127:34: warning: ‘rb_data_object_get_warning’ is deprecated: by TypedData [-Wdeprecated-declarations]
  127 |     Data_Get_Struct(self, struct NIO_Monitor, monitor);
      |                                  ^~~~~~~~~~~
/home/y-kawahara/.rbenv/versions/3.4.5/include/ruby-3.4.0/ruby/internal/cast.h:31:29: note: in definition of macro ‘RBIMPL_CAST’
   31 | # define RBIMPL_CAST(expr) (expr)
      |                             ^~~~
monitor.c:127:5: note: in expansion of macro ‘Data_Get_Struct’
  127 |     Data_Get_Struct(self, struct NIO_Monitor, monitor);
      |     ^~~~~~~~~~~~~~~
/home/y-kawahara/.rbenv/versions/3.4.5/include/ruby-3.4.0/ruby/internal/core/rdata.h:325:1: note: declared here
  325 | rb_data_object_get_warning(VALUE obj)
      | ^~~~~~~~~~~~~~~~~~~~~~~~~~
monitor.c: In function ‘NIO_Monitor_is_closed’:
monitor.c:153:34: warning: ‘rb_data_object_get_warning’ is deprecated: by TypedData [-Wdeprecated-declarations]
  153 |     Data_Get_Struct(self, struct NIO_Monitor, monitor);
      |                                  ^~~~~~~~~~~
/home/y-kawahara/.rbenv/versions/3.4.5/include/ruby-3.4.0/ruby/internal/cast.h:31:29: note: in definition of macro ‘RBIMPL_CAST’
   31 | # define RBIMPL_CAST(expr) (expr)
      |                             ^~~~
monitor.c:153:5: note: in expansion of macro ‘Data_Get_Struct’
  153 |     Data_Get_Struct(self, struct NIO_Monitor, monitor);
      |     ^~~~~~~~~~~~~~~
/home/y-kawahara/.rbenv/versions/3.4.5/include/ruby-3.4.0/ruby/internal/core/rdata.h:325:1: note: declared here
  325 | rb_data_object_get_warning(VALUE obj)
      | ^~~~~~~~~~~~~~~~~~~~~~~~~~
monitor.c: In function ‘NIO_Monitor_add_interest’:
monitor.c:182:34: warning: ‘rb_data_object_get_warning’ is deprecated: by TypedData [-Wdeprecated-declarations]
  182 |     Data_Get_Struct(self, struct NIO_Monitor, monitor);
      |                                  ^~~~~~~~~~~
/home/y-kawahara/.rbenv/versions/3.4.5/include/ruby-3.4.0/ruby/internal/cast.h:31:29: note: in definition of macro ‘RBIMPL_CAST’
   31 | # define RBIMPL_CAST(expr) (expr)
      |                             ^~~~
monitor.c:182:5: note: in expansion of macro ‘Data_Get_Struct’
  182 |     Data_Get_Struct(self, struct NIO_Monitor, monitor);
      |     ^~~~~~~~~~~~~~~
/home/y-kawahara/.rbenv/versions/3.4.5/include/ruby-3.4.0/ruby/internal/core/rdata.h:325:1: note: declared here
  325 | rb_data_object_get_warning(VALUE obj)
      | ^~~~~~~~~~~~~~~~~~~~~~~~~~
monitor.c: In function ‘NIO_Monitor_remove_interest’:
monitor.c:193:34: warning: ‘rb_data_object_get_warning’ is deprecated: by TypedData [-Wdeprecated-declarations]
  193 |     Data_Get_Struct(self, struct NIO_Monitor, monitor);
      |                                  ^~~~~~~~~~~
/home/y-kawahara/.rbenv/versions/3.4.5/include/ruby-3.4.0/ruby/internal/cast.h:31:29: note: in definition of macro ‘RBIMPL_CAST’
   31 | # define RBIMPL_CAST(expr) (expr)
      |                             ^~~~
monitor.c:193:5: note: in expansion of macro ‘Data_Get_Struct’
  193 |     Data_Get_Struct(self, struct NIO_Monitor, monitor);
      |     ^~~~~~~~~~~~~~~
/home/y-kawahara/.rbenv/versions/3.4.5/include/ruby-3.4.0/ruby/internal/core/rdata.h:325:1: note: declared here
  325 | rb_data_object_get_warning(VALUE obj)
      | ^~~~~~~~~~~~~~~~~~~~~~~~~~
monitor.c: In function ‘NIO_Monitor_readiness’:
monitor.c:219:34: warning: ‘rb_data_object_get_warning’ is deprecated: by TypedData [-Wdeprecated-declarations]
  219 |     Data_Get_Struct(self, struct NIO_Monitor, monitor);
      |                                  ^~~~~~~~~~~
/home/y-kawahara/.rbenv/versions/3.4.5/include/ruby-3.4.0/ruby/internal/cast.h:31:29: note: in definition of macro ‘RBIMPL_CAST’
   31 | # define RBIMPL_CAST(expr) (expr)
      |                             ^~~~
monitor.c:219:5: note: in expansion of macro ‘Data_Get_Struct’
  219 |     Data_Get_Struct(self, struct NIO_Monitor, monitor);
      |     ^~~~~~~~~~~~~~~
/home/y-kawahara/.rbenv/versions/3.4.5/include/ruby-3.4.0/ruby/internal/core/rdata.h:325:1: note: declared here
  325 | rb_data_object_get_warning(VALUE obj)
      | ^~~~~~~~~~~~~~~~~~~~~~~~~~
monitor.c: In function ‘NIO_Monitor_is_readable’:
monitor.c:235:34: warning: ‘rb_data_object_get_warning’ is deprecated: by TypedData [-Wdeprecated-declarations]
  235 |     Data_Get_Struct(self, struct NIO_Monitor, monitor);
      |                                  ^~~~~~~~~~~
/home/y-kawahara/.rbenv/versions/3.4.5/include/ruby-3.4.0/ruby/internal/cast.h:31:29: note: in definition of macro ‘RBIMPL_CAST’
   31 | # define RBIMPL_CAST(expr) (expr)
      |                             ^~~~
monitor.c:235:5: note: in expansion of macro ‘Data_Get_Struct’
  235 |     Data_Get_Struct(self, struct NIO_Monitor, monitor);
      |     ^~~~~~~~~~~~~~~
/home/y-kawahara/.rbenv/versions/3.4.5/include/ruby-3.4.0/ruby/internal/core/rdata.h:325:1: note: declared here
  325 | rb_data_object_get_warning(VALUE obj)
      | ^~~~~~~~~~~~~~~~~~~~~~~~~~
monitor.c: In function ‘NIO_Monitor_is_writable’:
monitor.c:247:34: warning: ‘rb_data_object_get_warning’ is deprecated: by TypedData [-Wdeprecated-declarations]
  247 |     Data_Get_Struct(self, struct NIO_Monitor, monitor);
      |                                  ^~~~~~~~~~~
/home/y-kawahara/.rbenv/versions/3.4.5/include/ruby-3.4.0/ruby/internal/cast.h:31:29: note: in definition of macro ‘RBIMPL_CAST’
   31 | # define RBIMPL_CAST(expr) (expr)
      |                             ^~~~
monitor.c:247:5: note: in expansion of macro ‘Data_Get_Struct’
  247 |     Data_Get_Struct(self, struct NIO_Monitor, monitor);
      |     ^~~~~~~~~~~~~~~
/home/y-kawahara/.rbenv/versions/3.4.5/include/ruby-3.4.0/ruby/internal/core/rdata.h:325:1: note: declared here
  325 | rb_data_object_get_warning(VALUE obj)
      | ^~~~~~~~~~~~~~~~~~~~~~~~~~
monitor.c: In function ‘NIO_Monitor_update_interests’:
monitor.c:278:34: warning: ‘rb_data_object_get_warning’ is deprecated: by TypedData [-Wdeprecated-declarations]
  278 |     Data_Get_Struct(self, struct NIO_Monitor, monitor);
      |                                  ^~~~~~~~~~~
/home/y-kawahara/.rbenv/versions/3.4.5/include/ruby-3.4.0/ruby/internal/cast.h:31:29: note: in definition of macro ‘RBIMPL_CAST’
   31 | # define RBIMPL_CAST(expr) (expr)
      |                             ^~~~
monitor.c:278:5: note: in expansion of macro ‘Data_Get_Struct’
  278 |     Data_Get_Struct(self, struct NIO_Monitor, monitor);
      |     ^~~~~~~~~~~~~~~
/home/y-kawahara/.rbenv/versions/3.4.5/include/ruby-3.4.0/ruby/internal/core/rdata.h:325:1: note: declared here
  325 | rb_data_object_get_warning(VALUE obj)
      | ^~~~~~~~~~~~~~~~~~~~~~~~~~
At top level:
cc1: note: unrecognized command-line option ‘-Wno-self-assign’ may have been intended to silence earlier diagnostics
cc1: note: unrecognized command-line option ‘-Wno-parentheses-equality’ may have been intended to silence earlier diagnostics
cc1: note: unrecognized command-line option ‘-Wno-constant-logical-operand’ may have been intended to silence earlier diagnostics
compiling nio4r_ext.c
In file included from nio4r_ext.c:6:
../libev/ev.c:234:5: warning: "EV_NO_THREADS" is not defined, evaluates to 0 [-Wundef]
  234 | #if EV_NO_THREADS
      |     ^~~~~~~~~~~~~
../libev/ev.c:240:5: warning: "EV_NO_SMP" is not defined, evaluates to 0 [-Wundef]
  240 | #if EV_NO_SMP
      |     ^~~~~~~~~
../libev/ev.c:573:48: warning: "/*" within comment [-Wcomment]
  573 | /*#define MIN_INTERVAL  0.00000095367431640625 /* 1/2**20, good till 2200 */
      |                                                 
../libev/ev.c:691:7: warning: "__OPTIMIZE_SIZE__" is not defined, evaluates to 0 [-Wundef]
  691 |   #if __OPTIMIZE_SIZE__
      |       ^~~~~~~~~~~~~~~~~
../libev/ev.c:700:7: warning: "_ILP32" is not defined, evaluates to 0 [-Wundef]
  700 |   #if _ILP32
      |       ^~~~~~
../libev/ev.c:722:5: warning: "__clang__" is not defined, evaluates to 0 [-Wundef]
  722 | #if __clang__ && defined __has_builtin
      |     ^~~~~~~~~
../libev/ev.c:728:5: warning: "__clang__" is not defined, evaluates to 0 [-Wundef]
  728 | #if __clang__ && defined __has_extension
      |     ^~~~~~~~~
../libev/ev.c:734:20: warning: "__cplusplus" is not defined, evaluates to 0 [-Wundef]
  734 | #define ECB_CPP   (__cplusplus+0)
      |                    ^~~~~~~~~~~
../libev/ev.c:739:5: note: in expansion of macro ‘ECB_CPP’
  739 | #if ECB_CPP
      |     ^~~~~~~
../libev/ev.c:734:20: warning: "__cplusplus" is not defined, evaluates to 0 [-Wundef]
  734 | #define ECB_CPP   (__cplusplus+0)
      |                    ^~~~~~~~~~~
../libev/ev.c:751:5: note: in expansion of macro ‘ECB_CPP’
  751 | #if ECB_CPP
      |     ^~~~~~~
../libev/ev.c:766:5: warning: "ECB_NO_THREADS" is not defined, evaluates to 0 [-Wundef]
  766 | #if ECB_NO_THREADS
      |     ^~~~~~~~~~~~~~
../libev/ev.c:770:5: warning: "ECB_NO_SMP" is not defined, evaluates to 0 [-Wundef]
  770 | #if ECB_NO_SMP
      |     ^~~~~~~~~~
../libev/ev.c:775:5: warning: "__xlC__" is not defined, evaluates to 0 [-Wundef]
  775 | #if __xlC__ && ECB_CPP
      |     ^~~~~~~
../libev/ev.c:779:13: warning: "_MSC_VER" is not defined, evaluates to 0 [-Wundef]
  779 | #if 1400 <= _MSC_VER
      |             ^~~~~~~~
../libev/ev.c:786:9: warning: "__i386" is not defined, evaluates to 0 [-Wundef]
  786 |     #if __i386 || __i386__
      |         ^~~~~~
../libev/ev.c:786:19: warning: "__i386__" is not defined, evaluates to 0 [-Wundef]
  786 |     #if __i386 || __i386__
      |                   ^~~~~~~~
../libev/ev.c:734:20: warning: "__cplusplus" is not defined, evaluates to 0 [-Wundef]
  734 | #define ECB_CPP   (__cplusplus+0)
      |                    ^~~~~~~~~~~
../libev/ev.c:924:5: note: in expansion of macro ‘ECB_CPP’
  924 | #if ECB_CPP
      |     ^~~~~~~
../libev/ev.c:735:20: warning: "__cplusplus" is not defined, evaluates to 0 [-Wundef]
  735 | #define ECB_CPP11 (__cplusplus >= 201103L)
      |                    ^~~~~~~~~~~
../libev/ev.c:981:5: note: in expansion of macro ‘ECB_CPP11’
  981 | #if ECB_CPP11
      |     ^~~~~~~~~
../libev/ev.c:989:5: warning: "_MSC_VER" is not defined, evaluates to 0 [-Wundef]
  989 | #if _MSC_VER >= 1300
      |     ^~~~~~~~
../libev/ev.c:995:5: warning: "_MSC_VER" is not defined, evaluates to 0 [-Wundef]
  995 | #if _MSC_VER >= 1500
      |     ^~~~~~~~
../libev/ev.c:1003:5: warning: "_MSC_VER" is not defined, evaluates to 0 [-Wundef]
 1003 | #if _MSC_VER >= 1400
      |     ^~~~~~~~
../libev/ev.c:734:20: warning: "__cplusplus" is not defined, evaluates to 0 [-Wundef]
  734 | #define ECB_CPP   (__cplusplus+0)
      |                    ^~~~~~~~~~~
../libev/ev.c:1213:5: note: in expansion of macro ‘ECB_CPP’
 1213 | #if ECB_CPP
      |     ^~~~~~~
../libev/ev.c:734:20: warning: "__cplusplus" is not defined, evaluates to 0 [-Wundef]
  734 | #define ECB_CPP   (__cplusplus+0)
      |                    ^~~~~~~~~~~
../libev/ev.c:1374:5: note: in expansion of macro ‘ECB_CPP’
 1374 | #if ECB_CPP
      |     ^~~~~~~
../libev/ev.c:734:20: warning: "__cplusplus" is not defined, evaluates to 0 [-Wundef]
  734 | #define ECB_CPP   (__cplusplus+0)
      |                    ^~~~~~~~~~~
../libev/ev.c:1409:5: note: in expansion of macro ‘ECB_CPP’
 1409 | #if ECB_CPP
      |     ^~~~~~~
../libev/ev.c:1425:5: warning: "ecb_cplusplus_does_not_suck" is not defined, evaluates to 0 [-Wundef]
 1425 | #if ecb_cplusplus_does_not_suck
      |     ^~~~~~~~~~~~~~~~~~~~~~~~~~~
../libev/ev.c: In function ‘ecb_binary32_to_binary16’:
../libev/ev.c:1510:13: warning: comparison of integer expressions of different signedness: ‘unsigned int’ and ‘int’ [-Wsign-compare]
 1510 |       if (e < (14 - 24)) /* might not be sharp, but is good enough */
      |             ^
../libev/ev.c: At top level:
../libev/ev.c:1540:8: warning: "__i386" is not defined, evaluates to 0 [-Wundef]
 1540 |     || __i386 || __i386__ \
      |        ^~~~~~
../libev/ev.c:1540:18: warning: "__i386__" is not defined, evaluates to 0 [-Wundef]
 1540 |     || __i386 || __i386__ \
      |                  ^~~~~~~~
../libev/ev.c:1746:5: warning: "ECB_MEMORY_FENCE_NEEDS_PTHREADS" is not defined, evaluates to 0 [-Wundef]
 1746 | #if ECB_MEMORY_FENCE_NEEDS_PTHREADS
      |     ^~~~~~~~~~~~~~~~~~~~~~~~~~~~~~~
../libev/ev.c:1976:5: warning: "EV_AVOID_STDIO" is not defined, evaluates to 0 [-Wundef]
 1976 | #if EV_AVOID_STDIO
      |     ^~~~~~~~~~~~~~
../libev/ev.c: In function ‘ev_syserr’:
../libev/ev.c:2005:5: warning: "EV_AVOID_STDIO" is not defined, evaluates to 0 [-Wundef]
 2005 | #if EV_AVOID_STDIO
      |     ^~~~~~~~~~~~~~
../libev/ev.c: In function ‘ev_realloc’:
../libev/ev.c:2050:5: warning: "EV_AVOID_STDIO" is not defined, evaluates to 0 [-Wundef]
 2050 | #if EV_AVOID_STDIO
      |     ^~~~~~~~~~~~~~
../libev/ev.c: At top level:
../libev/ev.c:2080:5: warning: "EV_SELECT_IS_WINSOCKET" is not defined, evaluates to 0 [-Wundef]
 2080 | #if EV_SELECT_IS_WINSOCKET || EV_USE_IOCP
      |     ^~~~~~~~~~~~~~~~~~~~~~
../libev/ev.c:2080:31: warning: "EV_USE_IOCP" is not defined, evaluates to 0 [-Wundef]
 2080 | #if EV_SELECT_IS_WINSOCKET || EV_USE_IOCP
      |                               ^~~~~~~~~~~
../libev/ev.c:2083:5: warning: "EV_USE_IOCP" is not defined, evaluates to 0 [-Wundef]
 2083 | #if EV_USE_IOCP
      |     ^~~~~~~~~~~
In file included from ../libev/ev.c:2130:
../libev/ev_vars.h:88:24: warning: "EV_GENWRAP" is not defined, evaluates to 0 [-Wundef]
   88 | #if defined(_WIN32) || EV_GENWRAP
      |                        ^~~~~~~~~~
../libev/ev_vars.h:150:22: warning: "EV_GENWRAP" is not defined, evaluates to 0 [-Wundef]
  150 | #if EV_USE_KQUEUE || EV_GENWRAP
      |                      ^~~~~~~~~~
../libev/ev_vars.h:159:20: warning: "EV_GENWRAP" is not defined, evaluates to 0 [-Wundef]
  159 | #if EV_USE_PORT || EV_GENWRAP
      |                    ^~~~~~~~~~
../libev/ev_vars.h:164:5: warning: "EV_USE_IOCP" is not defined, evaluates to 0 [-Wundef]
  164 | #if EV_USE_IOCP || EV_GENWRAP
      |     ^~~~~~~~~~~
../libev/ev_vars.h:164:20: warning: "EV_GENWRAP" is not defined, evaluates to 0 [-Wundef]
  164 | #if EV_USE_IOCP || EV_GENWRAP
      |                    ^~~~~~~~~~
../libev/ev.c:2136:31: warning: ‘ev_default_loop_ptr’ initialized and declared ‘extern’
 2136 |   EV_API_DECL struct ev_loop *ev_default_loop_ptr = 0; /* needs to be initialised to make it a definition despite extern */
      |                               ^~~~~~~~~~~~~~~~~~~
../libev/ev.c: In function ‘array_nextsize’:
../libev/ev.c:2249:19: warning: comparison of integer expressions of different signedness: ‘int’ and ‘long unsigned int’ [-Wsign-compare]
 2249 |   if (elem * ncur > MALLOC_ROUND - sizeof (void *) * 4)
      |                   ^
../libev/ev.c: In function ‘fd_reify’:
../libev/ev.c:2402:5: warning: "EV_SELECT_IS_WINSOCKET" is not defined, evaluates to 0 [-Wundef]
 2402 | #if EV_SELECT_IS_WINSOCKET || EV_USE_IOCP
      |     ^~~~~~~~~~~~~~~~~~~~~~
../libev/ev.c:2402:31: warning: "EV_USE_IOCP" is not defined, evaluates to 0 [-Wundef]
 2402 | #if EV_SELECT_IS_WINSOCKET || EV_USE_IOCP
      |                               ^~~~~~~~~~~
../libev/ev.c: At top level:
../libev/ev.c:3073:5: warning: "EV_USE_IOCP" is not defined, evaluates to 0 [-Wundef]
 3073 | #if EV_USE_IOCP
      |     ^~~~~~~~~~~
In file included from ../libev/ev.c:3086:
../libev/ev_linuxaio.c: In function ‘linuxaio_poll’:
../libev/ev_linuxaio.c:467:10: warning: suggest explicit braces to avoid ambiguous ‘else’ [-Wdangling-else]
  467 |       if (ecb_expect_false (res < 0))
      |          ^
In file included from ../libev/ev.c:3089:
../libev/ev_iouring.c: In function ‘iouring_sqe_submit’:
../libev/ev_iouring.c:298:31: warning: "/*" within comment [-Wcomment]
  298 |   /*ECB_MEMORY_FENCE_RELEASE; /* for the time being we assume this is not needed */
      |                                
../libev/ev_iouring.c: In function ‘iouring_internal_init’:
../libev/ev_iouring.c:359:5: warning: "TODO" is not defined, evaluates to 0 [-Wundef]
  359 | #if TODO
      |     ^~~~
In file included from ../libev/ev.c:3095:
../libev/ev_select.c: At top level:
../libev/ev_select.c:57:5: warning: "EV_SELECT_IS_WINSOCKET" is not defined, evaluates to 0 [-Wundef]
   57 | #if EV_SELECT_IS_WINSOCKET
      |     ^~~~~~~~~~~~~~~~~~~~~~
../libev/ev_select.c: In function ‘select_poll’:
../libev/ev_select.c:176:11: warning: "EV_SELECT_IS_WINSOCKET" is not defined, evaluates to 0 [-Wundef]
  176 |       #if EV_SELECT_IS_WINSOCKET
      |           ^~~~~~~~~~~~~~~~~~~~~~
../libev/ev.c: In function ‘loop_init’:
../libev/ev.c:3318:5: warning: "EV_USE_IOCP" is not defined, evaluates to 0 [-Wundef]
 3318 | #if EV_USE_IOCP
      |     ^~~~~~~~~~~
../libev/ev.c: In function ‘ev_loop_destroy’:
../libev/ev.c:3409:5: warning: "EV_USE_IOCP" is not defined, evaluates to 0 [-Wundef]
 3409 | #if EV_USE_IOCP
      |     ^~~~~~~~~~~
../libev/ev.c: In function ‘ev_io_start’:
../libev/ev.c:4417:34: warning: suggest parentheses around arithmetic in operand of ‘|’ [-Wparentheses]
 4417 |   fd_change (EV_A_ fd, w->events & EV__IOFDSET | EV_ANFD_REIFY);
      |                        ~~~~~~~~~~^~~~~~~~~~~~~
../libev/ev.c: At top level:
../libev/ev.c:5682:27: warning: "/*" within comment [-Wcomment]
 5682 | /* EV_STAT     0x00001000 /* stat data changed */
      |                            
../libev/ev.c:5683:27: warning: "/*" within comment [-Wcomment]
 5683 | /* EV_EMBED    0x00010000 /* embedded event loop needs sweep */
      |                            
nio4r_ext.c: In function ‘Init_nio4r_ext’:
nio4r_ext.c:13:6: warning: old-style function definition [-Wold-style-definition]
   13 | void Init_nio4r_ext()
      |      ^~~~~~~~~~~~~~
At top level:
cc1: note: unrecognized command-line option ‘-Wno-self-assign’ may have been intended to silence earlier diagnostics
cc1: note: unrecognized command-line option ‘-Wno-parentheses-equality’ may have been intended to silence earlier diagnostics
cc1: note: unrecognized command-line option ‘-Wno-constant-logical-operand’ may have been intended to silence earlier diagnostics
compiling selector.c
selector.c: In function ‘NIO_Selector_allocate’:
selector.c:123:5: warning: ‘rb_data_object_wrap_warning’ is deprecated: by TypedData [-Wdeprecated-declarations]
  123 |     return Data_Wrap_Struct(klass, NIO_Selector_mark, NIO_Selector_free, selector);
      |     ^~~~~~
In file included from /home/y-kawahara/.rbenv/versions/3.4.5/include/ruby-3.4.0/ruby/internal/core.h:27,
                 from /home/y-kawahara/.rbenv/versions/3.4.5/include/ruby-3.4.0/ruby/ruby.h:29,
                 from /home/y-kawahara/.rbenv/versions/3.4.5/include/ruby-3.4.0/ruby.h:38,
                 from nio4r.h:10,
                 from selector.c:6:
/home/y-kawahara/.rbenv/versions/3.4.5/include/ruby-3.4.0/ruby/internal/core/rdata.h:293:1: note: declared here
  293 | rb_data_object_wrap_warning(VALUE klass, void *ptr, RUBY_DATA_FUNC mark, RUBY_DATA_FUNC free)
      | ^~~~~~~~~~~~~~~~~~~~~~~~~~~
In file included from /home/y-kawahara/.rbenv/versions/3.4.5/include/ruby-3.4.0/ruby/internal/assume.h:29,
                 from /home/y-kawahara/.rbenv/versions/3.4.5/include/ruby-3.4.0/ruby/backward/2/assume.h:24,
                 from /home/y-kawahara/.rbenv/versions/3.4.5/include/ruby-3.4.0/ruby/defines.h:72,
                 from /home/y-kawahara/.rbenv/versions/3.4.5/include/ruby-3.4.0/ruby/ruby.h:25:
selector.c: In function ‘NIO_Selector_initialize’:
selector.c:208:34: warning: ‘rb_data_object_get_warning’ is deprecated: by TypedData [-Wdeprecated-declarations]
  208 |     Data_Get_Struct(self, struct NIO_Selector, selector);
      |                                  ^~~~~~~~~~~~
/home/y-kawahara/.rbenv/versions/3.4.5/include/ruby-3.4.0/ruby/internal/cast.h:31:29: note: in definition of macro ‘RBIMPL_CAST’
   31 | # define RBIMPL_CAST(expr) (expr)
      |                             ^~~~
selector.c:208:5: note: in expansion of macro ‘Data_Get_Struct’
  208 |     Data_Get_Struct(self, struct NIO_Selector, selector);
      |     ^~~~~~~~~~~~~~~
/home/y-kawahara/.rbenv/versions/3.4.5/include/ruby-3.4.0/ruby/internal/core/rdata.h:325:1: note: declared here
  325 | rb_data_object_get_warning(VALUE obj)
      | ^~~~~~~~~~~~~~~~~~~~~~~~~~
selector.c: In function ‘NIO_Selector_backend’:
selector.c:262:34: warning: ‘rb_data_object_get_warning’ is deprecated: by TypedData [-Wdeprecated-declarations]
  262 |     Data_Get_Struct(self, struct NIO_Selector, selector);
      |                                  ^~~~~~~~~~~~
/home/y-kawahara/.rbenv/versions/3.4.5/include/ruby-3.4.0/ruby/internal/cast.h:31:29: note: in definition of macro ‘RBIMPL_CAST’
   31 | # define RBIMPL_CAST(expr) (expr)
      |                             ^~~~
selector.c:262:5: note: in expansion of macro ‘Data_Get_Struct’
  262 |     Data_Get_Struct(self, struct NIO_Selector, selector);
      |     ^~~~~~~~~~~~~~~
/home/y-kawahara/.rbenv/versions/3.4.5/include/ruby-3.4.0/ruby/internal/core/rdata.h:325:1: note: declared here
  325 | rb_data_object_get_warning(VALUE obj)
      | ^~~~~~~~~~~~~~~~~~~~~~~~~~
selector.c: In function ‘NIO_Selector_register_synchronized’:
selector.c:340:34: warning: ‘rb_data_object_get_warning’ is deprecated: by TypedData [-Wdeprecated-declarations]
  340 |     Data_Get_Struct(self, struct NIO_Selector, selector);
      |                                  ^~~~~~~~~~~~
/home/y-kawahara/.rbenv/versions/3.4.5/include/ruby-3.4.0/ruby/internal/cast.h:31:29: note: in definition of macro ‘RBIMPL_CAST’
   31 | # define RBIMPL_CAST(expr) (expr)
      |                             ^~~~
selector.c:340:5: note: in expansion of macro ‘Data_Get_Struct’
  340 |     Data_Get_Struct(self, struct NIO_Selector, selector);
      |     ^~~~~~~~~~~~~~~
/home/y-kawahara/.rbenv/versions/3.4.5/include/ruby-3.4.0/ruby/internal/core/rdata.h:325:1: note: declared here
  325 | rb_data_object_get_warning(VALUE obj)
      | ^~~~~~~~~~~~~~~~~~~~~~~~~~
selector.c: In function ‘NIO_Selector_select_synchronized’:
selector.c:421:37: warning: ‘rb_data_object_get_warning’ is deprecated: by TypedData [-Wdeprecated-declarations]
  421 |     Data_Get_Struct(args[0], struct NIO_Selector, selector);
      |                                     ^~~~~~~~~~~~
/home/y-kawahara/.rbenv/versions/3.4.5/include/ruby-3.4.0/ruby/internal/cast.h:31:29: note: in definition of macro ‘RBIMPL_CAST’
   31 | # define RBIMPL_CAST(expr) (expr)
      |                             ^~~~
selector.c:421:5: note: in expansion of macro ‘Data_Get_Struct’
  421 |     Data_Get_Struct(args[0], struct NIO_Selector, selector);
      |     ^~~~~~~~~~~~~~~
/home/y-kawahara/.rbenv/versions/3.4.5/include/ruby-3.4.0/ruby/internal/core/rdata.h:325:1: note: declared here
  325 | rb_data_object_get_warning(VALUE obj)
      | ^~~~~~~~~~~~~~~~~~~~~~~~~~
selector.c: In function ‘NIO_Selector_wakeup’:
selector.c:493:34: warning: ‘rb_data_object_get_warning’ is deprecated: by TypedData [-Wdeprecated-declarations]
  493 |     Data_Get_Struct(self, struct NIO_Selector, selector);
      |                                  ^~~~~~~~~~~~
/home/y-kawahara/.rbenv/versions/3.4.5/include/ruby-3.4.0/ruby/internal/cast.h:31:29: note: in definition of macro ‘RBIMPL_CAST’
   31 | # define RBIMPL_CAST(expr) (expr)
      |                             ^~~~
selector.c:493:5: note: in expansion of macro ‘Data_Get_Struct’
  493 |     Data_Get_Struct(self, struct NIO_Selector, selector);
      |     ^~~~~~~~~~~~~~~
/home/y-kawahara/.rbenv/versions/3.4.5/include/ruby-3.4.0/ruby/internal/core/rdata.h:325:1: note: declared here
  325 | rb_data_object_get_warning(VALUE obj)
      | ^~~~~~~~~~~~~~~~~~~~~~~~~~
selector.c: In function ‘NIO_Selector_close_synchronized’:
selector.c:515:34: warning: ‘rb_data_object_get_warning’ is deprecated: by TypedData [-Wdeprecated-declarations]
  515 |     Data_Get_Struct(self, struct NIO_Selector, selector);
      |                                  ^~~~~~~~~~~~
/home/y-kawahara/.rbenv/versions/3.4.5/include/ruby-3.4.0/ruby/internal/cast.h:31:29: note: in definition of macro ‘RBIMPL_CAST’
   31 | # define RBIMPL_CAST(expr) (expr)
      |                             ^~~~
selector.c:515:5: note: in expansion of macro ‘Data_Get_Struct’
  515 |     Data_Get_Struct(self, struct NIO_Selector, selector);
      |     ^~~~~~~~~~~~~~~
/home/y-kawahara/.rbenv/versions/3.4.5/include/ruby-3.4.0/ruby/internal/core/rdata.h:325:1: note: declared here
  325 | rb_data_object_get_warning(VALUE obj)
      | ^~~~~~~~~~~~~~~~~~~~~~~~~~
selector.c: In function ‘NIO_Selector_closed_synchronized’:
selector.c:532:34: warning: ‘rb_data_object_get_warning’ is deprecated: by TypedData [-Wdeprecated-declarations]
  532 |     Data_Get_Struct(self, struct NIO_Selector, selector);
      |                                  ^~~~~~~~~~~~
/home/y-kawahara/.rbenv/versions/3.4.5/include/ruby-3.4.0/ruby/internal/cast.h:31:29: note: in definition of macro ‘RBIMPL_CAST’
   31 | # define RBIMPL_CAST(expr) (expr)
      |                             ^~~~
selector.c:532:5: note: in expansion of macro ‘Data_Get_Struct’
  532 |     Data_Get_Struct(self, struct NIO_Selector, selector);
      |     ^~~~~~~~~~~~~~~
/home/y-kawahara/.rbenv/versions/3.4.5/include/ruby-3.4.0/ruby/internal/core/rdata.h:325:1: note: declared here
  325 | rb_data_object_get_warning(VALUE obj)
      | ^~~~~~~~~~~~~~~~~~~~~~~~~~
At top level:
cc1: note: unrecognized command-line option ‘-Wno-self-assign’ may have been intended to silence earlier diagnostics
cc1: note: unrecognized command-line option ‘-Wno-parentheses-equality’ may have been intended to silence earlier diagnostics
cc1: note: unrecognized command-line option ‘-Wno-constant-logical-operand’ may have been intended to silence earlier diagnostics
linking shared-object nio4r_ext.so

current directory: /home/y-kawahara/fjord-books_app-2023/vendor/bundle/ruby/3.4.0/gems/nio4r-2.5.9/ext/nio4r
make DESTDIR\= sitearchdir\=./.gem.20251007-106966-b2bj3r sitelibdir\=./.gem.20251007-106966-b2bj3r install
/usr/bin/install -c -m 0755 nio4r_ext.so ./.gem.20251007-106966-b2bj3r

current directory: /home/y-kawahara/fjord-books_app-2023/vendor/bundle/ruby/3.4.0/gems/nio4r-2.5.9/ext/nio4r
make DESTDIR\= sitearchdir\=./.gem.20251007-106966-b2bj3r sitelibdir\=./.gem.20251007-106966-b2bj3r clean
