have_func: checking for rb_block_call()... -------------------- yes

LD_LIBRARY_PATH=.:/home/y-kawahara/.rbenv/versions/3.4.5/lib:/home/linuxbrew/.linuxbrew/opt/openssl@3/lib:/home/linuxbrew/.linuxbrew/opt/openssl@3/lib: ASAN_OPTIONS=detect_leaks=0 "gcc -o conftest -I/home/y-kawahara/.rbenv/versions/3.4.5/include/ruby-3.4.0/x86_64-linux -I/home/y-kawahara/.rbenv/versions/3.4.5/include/ruby-3.4.0/ruby/backward -I/home/y-kawahara/.rbenv/versions/3.4.5/include/ruby-3.4.0 -I.    -fstack-protector-strong -U_FORTIFY_SOURCE -D_FORTIFY_SOURCE=2  -O3 -fno-fast-math -ggdb3 -Wall -Wextra -Wdeprecated-declarations -Wdiv-by-zero -Wduplicated-cond -Wimplicit-function-declaration -Wimplicit-int -Wpointer-arith -Wwrite-strings -Wold-style-definition -Wimplicit-fallthrough=0 -Wmissing-noreturn -Wno-cast-function-type -Wno-constant-logical-operand -Wno-long-long -Wno-missing-field-initializers -Wno-overlength-strings -Wno-packed-bitfield-compat -Wno-parentheses-equality -Wno-self-assign -Wno-tautological-compare -Wno-unused-parameter -Wno-unused-value -Wsuggest-attribute=format -Wsuggest-attribute=noreturn -Wunused-variable -Wmisleading-indentation -Wundef  -fPIC conftest.c -L. -L/home/y-kawahara/.rbenv/versions/3.4.5/lib -Wl,-rpath,/home/y-kawahara/.rbenv/versions/3.4.5/lib -L. -fstack-protector-strong -rdynamic -Wl,-export-dynamic -Wl,--no-as-needed     -Wl,-rpath,/home/y-kawahara/.rbenv/versions/3.4.5/lib -L/home/y-kawahara/.rbenv/versions/3.4.5/lib -lruby  -lm -lpthread  -lc"
checked program was:
/* begin */
1: #include "ruby.h"
2: 
3: int main(int argc, char **argv)
4: {
5:   return !!argv[argc];
6: }
/* end */

LD_LIBRARY_PATH=.:/home/y-kawahara/.rbenv/versions/3.4.5/lib:/home/linuxbrew/.linuxbrew/opt/openssl@3/lib:/home/linuxbrew/.linuxbrew/opt/openssl@3/lib: ASAN_OPTIONS=detect_leaks=0 "gcc -o conftest -I/home/y-kawahara/.rbenv/versions/3.4.5/include/ruby-3.4.0/x86_64-linux -I/home/y-kawahara/.rbenv/versions/3.4.5/include/ruby-3.4.0/ruby/backward -I/home/y-kawahara/.rbenv/versions/3.4.5/include/ruby-3.4.0 -I.    -fstack-protector-strong -U_FORTIFY_SOURCE -D_FORTIFY_SOURCE=2  -O3 -fno-fast-math -ggdb3 -Wall -Wextra -Wdeprecated-declarations -Wdiv-by-zero -Wduplicated-cond -Wimplicit-function-declaration -Wimplicit-int -Wpointer-arith -Wwrite-strings -Wold-style-definition -Wimplicit-fallthrough=0 -Wmissing-noreturn -Wno-cast-function-type -Wno-constant-logical-operand -Wno-long-long -Wno-missing-field-initializers -Wno-overlength-strings -Wno-packed-bitfield-compat -Wno-parentheses-equality -Wno-self-assign -Wno-tautological-compare -Wno-unused-parameter -Wno-unused-value -Wsuggest-attribute=format -Wsuggest-attribute=noreturn -Wunused-variable -Wmisleading-indentation -Wundef  -fPIC conftest.c -L. -L/home/y-kawahara/.rbenv/versions/3.4.5/lib -Wl,-rpath,/home/y-kawahara/.rbenv/versions/3.4.5/lib -L. -fstack-protector-strong -rdynamic -Wl,-export-dynamic -Wl,--no-as-needed     -Wl,-rpath,/home/y-kawahara/.rbenv/versions/3.4.5/lib -L/home/y-kawahara/.rbenv/versions/3.4.5/lib -lruby  -lm -lpthread  -lc"
checked program was:
/* begin */
 1: #include "ruby.h"
 2: 
 3: /*top*/
 4: extern int t(void);
 5: int main(int argc, char **argv)
 6: {
 7:   if (argc > 1000000) {
 8:     int (* volatile tp)(void)=(int (*)(void))&t;
 9:     printf("%d", (*tp)());
10:   }
11: 
12:   return !!argv[argc];
13: }
14: int t(void) { void ((*volatile p)()); p = (void ((*)()))rb_block_call; return !p; }
/* end */

--------------------

have_func: checking for rb_ary_subseq()... -------------------- yes

LD_LIBRARY_PATH=.:/home/y-kawahara/.rbenv/versions/3.4.5/lib:/home/linuxbrew/.linuxbrew/opt/openssl@3/lib:/home/linuxbrew/.linuxbrew/opt/openssl@3/lib: ASAN_OPTIONS=detect_leaks=0 "gcc -o conftest -I/home/y-kawahara/.rbenv/versions/3.4.5/include/ruby-3.4.0/x86_64-linux -I/home/y-kawahara/.rbenv/versions/3.4.5/include/ruby-3.4.0/ruby/backward -I/home/y-kawahara/.rbenv/versions/3.4.5/include/ruby-3.4.0 -I.    -fstack-protector-strong -U_FORTIFY_SOURCE -D_FORTIFY_SOURCE=2  -O3 -fno-fast-math -ggdb3 -Wall -Wextra -Wdeprecated-declarations -Wdiv-by-zero -Wduplicated-cond -Wimplicit-function-declaration -Wimplicit-int -Wpointer-arith -Wwrite-strings -Wold-style-definition -Wimplicit-fallthrough=0 -Wmissing-noreturn -Wno-cast-function-type -Wno-constant-logical-operand -Wno-long-long -Wno-missing-field-initializers -Wno-overlength-strings -Wno-packed-bitfield-compat -Wno-parentheses-equality -Wno-self-assign -Wno-tautological-compare -Wno-unused-parameter -Wno-unused-value -Wsuggest-attribute=format -Wsuggest-attribute=noreturn -Wunused-variable -Wmisleading-indentation -Wundef  -fPIC conftest.c -L. -L/home/y-kawahara/.rbenv/versions/3.4.5/lib -Wl,-rpath,/home/y-kawahara/.rbenv/versions/3.4.5/lib -L. -fstack-protector-strong -rdynamic -Wl,-export-dynamic -Wl,--no-as-needed     -Wl,-rpath,/home/y-kawahara/.rbenv/versions/3.4.5/lib -L/home/y-kawahara/.rbenv/versions/3.4.5/lib -lruby  -lm -lpthread  -lc"
checked program was:
/* begin */
 1: #include "ruby.h"
 2: 
 3: /*top*/
 4: extern int t(void);
 5: int main(int argc, char **argv)
 6: {
 7:   if (argc > 1000000) {
 8:     int (* volatile tp)(void)=(int (*)(void))&t;
 9:     printf("%d", (*tp)());
10:   }
11: 
12:   return !!argv[argc];
13: }
14: int t(void) { void ((*volatile p)()); p = (void ((*)()))rb_ary_subseq; return !p; }
/* end */

--------------------

