pkg_config: checking for pkg-config for libffi... -------------------- not found

LD_LIBRARY_PATH=.:/home/y-kawahara/.rbenv/versions/3.4.5/lib:/home/linuxbrew/.linuxbrew/opt/openssl@3/lib:/home/linuxbrew/.linuxbrew/opt/openssl@3/lib: ASAN_OPTIONS=detect_leaks=0 pkg-config --exists libffi
package configuration for libffi is not found
--------------------

have_header: checking for ffi.h... -------------------- no

LD_LIBRARY_PATH=.:/home/y-kawahara/.rbenv/versions/3.4.5/lib:/home/linuxbrew/.linuxbrew/opt/openssl@3/lib:/home/linuxbrew/.linuxbrew/opt/openssl@3/lib: ASAN_OPTIONS=detect_leaks=0 "gcc -o conftest -I/home/y-kawahara/.rbenv/versions/3.4.5/include/ruby-3.4.0/x86_64-linux -I/home/y-kawahara/.rbenv/versions/3.4.5/include/ruby-3.4.0/ruby/backward -I/home/y-kawahara/.rbenv/versions/3.4.5/include/ruby-3.4.0 -I.    -fstack-protector-strong -U_FORTIFY_SOURCE -D_FORTIFY_SOURCE=2  -O3 -fno-fast-math -ggdb3 -Wall -Wextra -Wdeprecated-declarations -Wdiv-by-zero -Wduplicated-cond -Wimplicit-function-declaration -Wimplicit-int -Wpointer-arith -Wwrite-strings -Wold-style-definition -Wimplicit-fallthrough=0 -Wmissing-noreturn -Wno-cast-function-type -Wno-constant-logical-operand -Wno-long-long -Wno-missing-field-initializers -Wno-overlength-strings -Wno-packed-bitfield-compat -Wno-parentheses-equality -Wno-self-assign -Wno-tautological-compare -Wno-unused-parameter -Wno-unused-value -Wsuggest-attribute=format -Wsuggest-attribute=noreturn -Wunused-variable -Wmisleading-indentation -Wundef  -fPIC conftest.c -L. -L/home/y-kawahara/.rbenv/versions/3.4.5/lib -Wl,-rpath,/home/y-kawahara/.rbenv/versions/3.4.5/lib -L. -fstack-protector-strong -rdynamic -Wl,-export-dynamic -Wl,--no-as-needed     -Wl,-rpath,/home/y-kawahara/.rbenv/versions/3.4.5/lib -L/home/y-kawahara/.rbenv/versions/3.4.5/lib -lruby  -lm -lpthread  -lc"
checked program was:
/* begin */
1: #include "ruby.h"
2: 
3: int main(int argc, char **argv)
4: {
5:   return !!argv[argc];
6: }
/* end */

LD_LIBRARY_PATH=.:/home/y-kawahara/.rbenv/versions/3.4.5/lib:/home/linuxbrew/.linuxbrew/opt/openssl@3/lib:/home/linuxbrew/.linuxbrew/opt/openssl@3/lib: ASAN_OPTIONS=detect_leaks=0 "gcc -I/home/y-kawahara/.rbenv/versions/3.4.5/include/ruby-3.4.0/x86_64-linux -I/home/y-kawahara/.rbenv/versions/3.4.5/include/ruby-3.4.0/ruby/backward -I/home/y-kawahara/.rbenv/versions/3.4.5/include/ruby-3.4.0 -I.    -fstack-protector-strong -U_FORTIFY_SOURCE -D_FORTIFY_SOURCE=2  -O3 -fno-fast-math -ggdb3 -Wall -Wextra -Wdeprecated-declarations -Wdiv-by-zero -Wduplicated-cond -Wimplicit-function-declaration -Wimplicit-int -Wpointer-arith -Wwrite-strings -Wold-style-definition -Wimplicit-fallthrough=0 -Wmissing-noreturn -Wno-cast-function-type -Wno-constant-logical-operand -Wno-long-long -Wno-missing-field-initializers -Wno-overlength-strings -Wno-packed-bitfield-compat -Wno-parentheses-equality -Wno-self-assign -Wno-tautological-compare -Wno-unused-parameter -Wno-unused-value -Wsuggest-attribute=format -Wsuggest-attribute=noreturn -Wunused-variable -Wmisleading-indentation -Wundef  -fPIC   -c conftest.c"
conftest.c:3:10: fatal error: ffi.h: No such file or directory
    3 | #include <ffi.h>
      |          ^~~~~~~
compilation terminated.
checked program was:
/* begin */
1: #include "ruby.h"
2: 
3: #include <ffi.h>
/* end */

--------------------

find_header: checking for ffi.h in /usr/local/include,/usr/include/ffi,/Library/Developer/CommandLineTools/SDKs/MacOSX.sdk/usr/include/ffi,/Applications/Xcode.app/Contents/Developer/Platforms/MacOSX.platform/Developer/SDKs/MacOSX.sdk/usr/include/ffi... -------------------- no

LD_LIBRARY_PATH=.:/home/y-kawahara/.rbenv/versions/3.4.5/lib:/home/linuxbrew/.linuxbrew/opt/openssl@3/lib:/home/linuxbrew/.linuxbrew/opt/openssl@3/lib: ASAN_OPTIONS=detect_leaks=0 "gcc -I/home/y-kawahara/.rbenv/versions/3.4.5/include/ruby-3.4.0/x86_64-linux -I/home/y-kawahara/.rbenv/versions/3.4.5/include/ruby-3.4.0/ruby/backward -I/home/y-kawahara/.rbenv/versions/3.4.5/include/ruby-3.4.0 -I.    -fstack-protector-strong -U_FORTIFY_SOURCE -D_FORTIFY_SOURCE=2  -O3 -fno-fast-math -ggdb3 -Wall -Wextra -Wdeprecated-declarations -Wdiv-by-zero -Wduplicated-cond -Wimplicit-function-declaration -Wimplicit-int -Wpointer-arith -Wwrite-strings -Wold-style-definition -Wimplicit-fallthrough=0 -Wmissing-noreturn -Wno-cast-function-type -Wno-constant-logical-operand -Wno-long-long -Wno-missing-field-initializers -Wno-overlength-strings -Wno-packed-bitfield-compat -Wno-parentheses-equality -Wno-self-assign -Wno-tautological-compare -Wno-unused-parameter -Wno-unused-value -Wsuggest-attribute=format -Wsuggest-attribute=noreturn -Wunused-variable -Wmisleading-indentation -Wundef  -fPIC   -c conftest.c"
conftest.c:3:10: fatal error: ffi.h: No such file or directory
    3 | #include <ffi.h>
      |          ^~~~~~~
compilation terminated.
checked program was:
/* begin */
1: #include "ruby.h"
2: 
3: #include <ffi.h>
/* end */

LD_LIBRARY_PATH=.:/home/y-kawahara/.rbenv/versions/3.4.5/lib:/home/linuxbrew/.linuxbrew/opt/openssl@3/lib:/home/linuxbrew/.linuxbrew/opt/openssl@3/lib: ASAN_OPTIONS=detect_leaks=0 "gcc -I/home/y-kawahara/.rbenv/versions/3.4.5/include/ruby-3.4.0/x86_64-linux -I/home/y-kawahara/.rbenv/versions/3.4.5/include/ruby-3.4.0/ruby/backward -I/home/y-kawahara/.rbenv/versions/3.4.5/include/ruby-3.4.0 -I.    -fstack-protector-strong -U_FORTIFY_SOURCE -D_FORTIFY_SOURCE=2  -O3 -fno-fast-math -ggdb3 -Wall -Wextra -Wdeprecated-declarations -Wdiv-by-zero -Wduplicated-cond -Wimplicit-function-declaration -Wimplicit-int -Wpointer-arith -Wwrite-strings -Wold-style-definition -Wimplicit-fallthrough=0 -Wmissing-noreturn -Wno-cast-function-type -Wno-constant-logical-operand -Wno-long-long -Wno-missing-field-initializers -Wno-overlength-strings -Wno-packed-bitfield-compat -Wno-parentheses-equality -Wno-self-assign -Wno-tautological-compare -Wno-unused-parameter -Wno-unused-value -Wsuggest-attribute=format -Wsuggest-attribute=noreturn -Wunused-variable -Wmisleading-indentation -Wundef  -fPIC  -I/usr/local/include -c conftest.c"
conftest.c:3:10: fatal error: ffi.h: No such file or directory
    3 | #include <ffi.h>
      |          ^~~~~~~
compilation terminated.
checked program was:
/* begin */
1: #include "ruby.h"
2: 
3: #include <ffi.h>
/* end */

LD_LIBRARY_PATH=.:/home/y-kawahara/.rbenv/versions/3.4.5/lib:/home/linuxbrew/.linuxbrew/opt/openssl@3/lib:/home/linuxbrew/.linuxbrew/opt/openssl@3/lib: ASAN_OPTIONS=detect_leaks=0 "gcc -I/home/y-kawahara/.rbenv/versions/3.4.5/include/ruby-3.4.0/x86_64-linux -I/home/y-kawahara/.rbenv/versions/3.4.5/include/ruby-3.4.0/ruby/backward -I/home/y-kawahara/.rbenv/versions/3.4.5/include/ruby-3.4.0 -I.    -fstack-protector-strong -U_FORTIFY_SOURCE -D_FORTIFY_SOURCE=2  -O3 -fno-fast-math -ggdb3 -Wall -Wextra -Wdeprecated-declarations -Wdiv-by-zero -Wduplicated-cond -Wimplicit-function-declaration -Wimplicit-int -Wpointer-arith -Wwrite-strings -Wold-style-definition -Wimplicit-fallthrough=0 -Wmissing-noreturn -Wno-cast-function-type -Wno-constant-logical-operand -Wno-long-long -Wno-missing-field-initializers -Wno-overlength-strings -Wno-packed-bitfield-compat -Wno-parentheses-equality -Wno-self-assign -Wno-tautological-compare -Wno-unused-parameter -Wno-unused-value -Wsuggest-attribute=format -Wsuggest-attribute=noreturn -Wunused-variable -Wmisleading-indentation -Wundef  -fPIC  -I/usr/include/ffi -c conftest.c"
conftest.c:3:10: fatal error: ffi.h: No such file or directory
    3 | #include <ffi.h>
      |          ^~~~~~~
compilation terminated.
checked program was:
/* begin */
1: #include "ruby.h"
2: 
3: #include <ffi.h>
/* end */

LD_LIBRARY_PATH=.:/home/y-kawahara/.rbenv/versions/3.4.5/lib:/home/linuxbrew/.linuxbrew/opt/openssl@3/lib:/home/linuxbrew/.linuxbrew/opt/openssl@3/lib: ASAN_OPTIONS=detect_leaks=0 "gcc -I/home/y-kawahara/.rbenv/versions/3.4.5/include/ruby-3.4.0/x86_64-linux -I/home/y-kawahara/.rbenv/versions/3.4.5/include/ruby-3.4.0/ruby/backward -I/home/y-kawahara/.rbenv/versions/3.4.5/include/ruby-3.4.0 -I.    -fstack-protector-strong -U_FORTIFY_SOURCE -D_FORTIFY_SOURCE=2  -O3 -fno-fast-math -ggdb3 -Wall -Wextra -Wdeprecated-declarations -Wdiv-by-zero -Wduplicated-cond -Wimplicit-function-declaration -Wimplicit-int -Wpointer-arith -Wwrite-strings -Wold-style-definition -Wimplicit-fallthrough=0 -Wmissing-noreturn -Wno-cast-function-type -Wno-constant-logical-operand -Wno-long-long -Wno-missing-field-initializers -Wno-overlength-strings -Wno-packed-bitfield-compat -Wno-parentheses-equality -Wno-self-assign -Wno-tautological-compare -Wno-unused-parameter -Wno-unused-value -Wsuggest-attribute=format -Wsuggest-attribute=noreturn -Wunused-variable -Wmisleading-indentation -Wundef  -fPIC  -I/Library/Developer/CommandLineTools/SDKs/MacOSX.sdk/usr/include/ffi -c conftest.c"
conftest.c:3:10: fatal error: ffi.h: No such file or directory
    3 | #include <ffi.h>
      |          ^~~~~~~
compilation terminated.
checked program was:
/* begin */
1: #include "ruby.h"
2: 
3: #include <ffi.h>
/* end */

LD_LIBRARY_PATH=.:/home/y-kawahara/.rbenv/versions/3.4.5/lib:/home/linuxbrew/.linuxbrew/opt/openssl@3/lib:/home/linuxbrew/.linuxbrew/opt/openssl@3/lib: ASAN_OPTIONS=detect_leaks=0 "gcc -I/home/y-kawahara/.rbenv/versions/3.4.5/include/ruby-3.4.0/x86_64-linux -I/home/y-kawahara/.rbenv/versions/3.4.5/include/ruby-3.4.0/ruby/backward -I/home/y-kawahara/.rbenv/versions/3.4.5/include/ruby-3.4.0 -I.    -fstack-protector-strong -U_FORTIFY_SOURCE -D_FORTIFY_SOURCE=2  -O3 -fno-fast-math -ggdb3 -Wall -Wextra -Wdeprecated-declarations -Wdiv-by-zero -Wduplicated-cond -Wimplicit-function-declaration -Wimplicit-int -Wpointer-arith -Wwrite-strings -Wold-style-definition -Wimplicit-fallthrough=0 -Wmissing-noreturn -Wno-cast-function-type -Wno-constant-logical-operand -Wno-long-long -Wno-missing-field-initializers -Wno-overlength-strings -Wno-packed-bitfield-compat -Wno-parentheses-equality -Wno-self-assign -Wno-tautological-compare -Wno-unused-parameter -Wno-unused-value -Wsuggest-attribute=format -Wsuggest-attribute=noreturn -Wunused-variable -Wmisleading-indentation -Wundef  -fPIC  -I/Applications/Xcode.app/Contents/Developer/Platforms/MacOSX.platform/Developer/SDKs/MacOSX.sdk/usr/include/ffi -c conftest.c"
conftest.c:3:10: fatal error: ffi.h: No such file or directory
    3 | #include <ffi.h>
      |          ^~~~~~~
compilation terminated.
checked program was:
/* begin */
1: #include "ruby.h"
2: 
3: #include <ffi.h>
/* end */

--------------------

append_ldflags: checking for whether -Wl,--exclude-libs,ALL is accepted as LDFLAGS... -------------------- yes

LD_LIBRARY_PATH=.:/home/y-kawahara/.rbenv/versions/3.4.5/lib:/home/linuxbrew/.linuxbrew/opt/openssl@3/lib:/home/linuxbrew/.linuxbrew/opt/openssl@3/lib: ASAN_OPTIONS=detect_leaks=0 "gcc -o conftest -I/home/y-kawahara/.rbenv/versions/3.4.5/include/ruby-3.4.0/x86_64-linux -I/home/y-kawahara/.rbenv/versions/3.4.5/include/ruby-3.4.0/ruby/backward -I/home/y-kawahara/.rbenv/versions/3.4.5/include/ruby-3.4.0 -I.    -fstack-protector-strong -U_FORTIFY_SOURCE -D_FORTIFY_SOURCE=2  -O3 -fno-fast-math -ggdb3 -Wall -Wextra -Wdeprecated-declarations -Wdiv-by-zero -Wduplicated-cond -Wimplicit-function-declaration -Wimplicit-int -Wpointer-arith -Wwrite-strings -Wold-style-definition -Wimplicit-fallthrough=0 -Wmissing-noreturn -Wno-cast-function-type -Wno-constant-logical-operand -Wno-long-long -Wno-missing-field-initializers -Wno-overlength-strings -Wno-packed-bitfield-compat -Wno-parentheses-equality -Wno-self-assign -Wno-tautological-compare -Wno-unused-parameter -Wno-unused-value -Wsuggest-attribute=format -Wsuggest-attribute=noreturn -Wunused-variable -Wmisleading-indentation -Wundef  -fPIC conftest.c -L. -L/home/y-kawahara/.rbenv/versions/3.4.5/lib -Wl,-rpath,/home/y-kawahara/.rbenv/versions/3.4.5/lib -L. -fstack-protector-strong -rdynamic -Wl,-export-dynamic -Wl,--no-as-needed -Wl,--exclude-libs,ALL    -Wl,-rpath,/home/y-kawahara/.rbenv/versions/3.4.5/lib -L/home/y-kawahara/.rbenv/versions/3.4.5/lib -lruby  -lm -lpthread  -lc"
checked program was:
/* begin */
1: #include "ruby.h"
2: 
3: int main(int argc, char **argv)
4: {
5:   return !!argv[argc];
6: }
/* end */

--------------------

append_ldflags: checking for whether -pthread is accepted as LDFLAGS... -------------------- yes

LD_LIBRARY_PATH=.:/home/y-kawahara/.rbenv/versions/3.4.5/lib:/home/linuxbrew/.linuxbrew/opt/openssl@3/lib:/home/linuxbrew/.linuxbrew/opt/openssl@3/lib: ASAN_OPTIONS=detect_leaks=0 "gcc -o conftest -I/home/y-kawahara/.rbenv/versions/3.4.5/include/ruby-3.4.0/x86_64-linux -I/home/y-kawahara/.rbenv/versions/3.4.5/include/ruby-3.4.0/ruby/backward -I/home/y-kawahara/.rbenv/versions/3.4.5/include/ruby-3.4.0 -I.    -fstack-protector-strong -U_FORTIFY_SOURCE -D_FORTIFY_SOURCE=2  -O3 -fno-fast-math -ggdb3 -Wall -Wextra -Wdeprecated-declarations -Wdiv-by-zero -Wduplicated-cond -Wimplicit-function-declaration -Wimplicit-int -Wpointer-arith -Wwrite-strings -Wold-style-definition -Wimplicit-fallthrough=0 -Wmissing-noreturn -Wno-cast-function-type -Wno-constant-logical-operand -Wno-long-long -Wno-missing-field-initializers -Wno-overlength-strings -Wno-packed-bitfield-compat -Wno-parentheses-equality -Wno-self-assign -Wno-tautological-compare -Wno-unused-parameter -Wno-unused-value -Wsuggest-attribute=format -Wsuggest-attribute=noreturn -Wunused-variable -Wmisleading-indentation -Wundef  -fPIC conftest.c -L. -L/home/y-kawahara/.rbenv/versions/3.4.5/lib -Wl,-rpath,/home/y-kawahara/.rbenv/versions/3.4.5/lib -L. -fstack-protector-strong -rdynamic -Wl,-export-dynamic -Wl,--no-as-needed -Wl,--exclude-libs,ALL -pthread    -Wl,-rpath,/home/y-kawahara/.rbenv/versions/3.4.5/lib -L/home/y-kawahara/.rbenv/versions/3.4.5/lib -lruby  -lm -lpthread  -lc"
checked program was:
/* begin */
1: #include "ruby.h"
2: 
3: int main(int argc, char **argv)
4: {
5:   return !!argv[argc];
6: }
/* end */

--------------------

extconf.h is:
/* begin */
1: #ifndef EXTCONF_H
2: #define EXTCONF_H
3: #define HAVE_FFI_PREP_CIF_VAR 1
4: #define USE_INTERNAL_LIBFFI 1
5: #endif
/* end */

