current directory: /home/y-kawahara/fjord-books_app-2023/vendor/bundle/ruby/3.2.0/gems/websocket-driver-0.7.6/ext/websocket-driver
/home/y-kawahara/.rbenv/versions/3.2.2/bin/ruby extconf.rb
creating Makefile

current directory: /home/y-kawahara/fjord-books_app-2023/vendor/bundle/ruby/3.2.0/gems/websocket-driver-0.7.6/ext/websocket-driver
make DESTDIR\= sitearchdir\=./.gem.20251007-100725-vab13m sitelibdir\=./.gem.20251007-100725-vab13m clean

current directory: /home/y-kawahara/fjord-books_app-2023/vendor/bundle/ruby/3.2.0/gems/websocket-driver-0.7.6/ext/websocket-driver
make DESTDIR\= sitearchdir\=./.gem.20251007-100725-vab13m sitelibdir\=./.gem.20251007-100725-vab13m
compiling websocket_mask.c
websocket_mask.c: In function ‘Init_websocket_mask’:
websocket_mask.c:26:6: warning: old-style function definition [-Wold-style-definition]
   26 | void Init_websocket_mask()
      |      ^~~~~~~~~~~~~~~~~~~
At top level:
cc1: note: unrecognized command-line option ‘-Wno-self-assign’ may have been intended to silence earlier diagnostics
cc1: note: unrecognized command-line option ‘-Wno-parentheses-equality’ may have been intended to silence earlier diagnostics
cc1: note: unrecognized command-line option ‘-Wno-constant-logical-operand’ may have been intended to silence earlier diagnostics
linking shared-object websocket_mask.so

current directory: /home/y-kawahara/fjord-books_app-2023/vendor/bundle/ruby/3.2.0/gems/websocket-driver-0.7.6/ext/websocket-driver
make DESTDIR\= sitearchdir\=./.gem.20251007-100725-vab13m sitelibdir\=./.gem.20251007-100725-vab13m install
/usr/bin/install -c -m 0755 websocket_mask.so ./.gem.20251007-100725-vab13m

current directory: /home/y-kawahara/fjord-books_app-2023/vendor/bundle/ruby/3.2.0/gems/websocket-driver-0.7.6/ext/websocket-driver
make DESTDIR\= sitearchdir\=./.gem.20251007-100725-vab13m sitelibdir\=./.gem.20251007-100725-vab13m clean
