current directory: /home/y-kawahara/fjord-books_app-2023/vendor/bundle/ruby/3.4.0/gems/sqlite3-1.6.3/ext/sqlite3
/home/y-kawahara/.rbenv/versions/3.4.5/bin/ruby extconf.rb
Building sqlite3-ruby using packaged sqlite3.
Extracting sqlite-autoconf-3420000.tar.gz into tmp/x86_64-linux-gnu/ports/sqlite3/3.42.0... OK
Running 'configure' for sqlite3 3.42.0... OK
Running 'compile' for sqlite3 3.42.0... OK
Running 'install' for sqlite3 3.42.0... OK
Activating sqlite3 3.42.0 (from /home/y-kawahara/fjord-books_app-2023/vendor/bundle/ruby/3.4.0/gems/sqlite3-1.6.3/ports/x86_64-linux-gnu/sqlite3/3.42.0)...
checking for pkg-config for /home/y-kawahara/fjord-books_app-2023/vendor/bundle/ruby/3.4.0/gems/sqlite3-1.6.3/ports/x86_64-linux-gnu/sqlite3/3.42.0/lib/pkgconfig/sqlite3.pc... ["-I/home/y-kawahara/fjord-books_app-2023/vendor/bundle/ruby/3.4.0/gems/sqlite3-1.6.3/ports/x86_64-linux-gnu/sqlite3/3.42.0/include ", "", "-lsqlite3"]
checking for whether -L/home/y-kawahara/fjord-books_app-2023/vendor/bundle/ruby/3.4.0/gems/sqlite3-1.6.3/ports/x86_64-linux-gnu/sqlite3/3.42.0/lib is accepted as LDFLAGS... yes
checking for whether -lsqlite3 is accepted as LDFLAGS... yes
checking for whether -lz is accepted as LDFLAGS... yes
checking for whether -lm is accepted as LDFLAGS... yes
checking for whether -fvisibility=hidden is accepted as CFLAGS... yes
checking for sqlite3.h... yes
checking for sqlite3_libversion_number() in -lsqlite3... yes
checking for rb_proc_arity()... yes
checking for rb_integer_pack()... yes
checking for sqlite3_initialize()... yes
checking for sqlite3_backup_init()... yes
checking for sqlite3_column_database_name()... no
checking for sqlite3_enable_load_extension()... yes
checking for sqlite3_load_extension()... yes
checking for sqlite3_open_v2()... yes
checking for sqlite3_prepare_v2()... yes
checking for sqlite3_int64 in sqlite3.h... yes
checking for sqlite3_uint64 in sqlite3.h... yes
creating Makefile

current directory: /home/y-kawahara/fjord-books_app-2023/vendor/bundle/ruby/3.4.0/gems/sqlite3-1.6.3/ext/sqlite3
make DESTDIR\= sitearchdir\=./.gem.20251007-106966-143d8t sitelibdir\=./.gem.20251007-106966-143d8t clean

current directory: /home/y-kawahara/fjord-books_app-2023/vendor/bundle/ruby/3.4.0/gems/sqlite3-1.6.3/ext/sqlite3
make DESTDIR\= sitearchdir\=./.gem.20251007-106966-143d8t sitelibdir\=./.gem.20251007-106966-143d8t
compiling aggregator.c
aggregator.c: In function ‘rb_sqlite3_define_aggregator2’:
aggregator.c:214:3: warning: ‘rb_data_object_get_warning’ is deprecated: by TypedData [-Wdeprecated-declarations]
  214 |   Data_Get_Struct(self, sqlite3Ruby, ctx);
      |   ^~~~~~~~~~~~~~~
In file included from /home/y-kawahara/.rbenv/versions/3.4.5/include/ruby-3.4.0/ruby/internal/core.h:27,
                 from /home/y-kawahara/.rbenv/versions/3.4.5/include/ruby-3.4.0/ruby/ruby.h:29,
                 from /home/y-kawahara/.rbenv/versions/3.4.5/include/ruby-3.4.0/ruby.h:38,
                 from ./sqlite3_ruby.h:4,
                 from ./aggregator.h:4,
                 from aggregator.c:1:
/home/y-kawahara/.rbenv/versions/3.4.5/include/ruby-3.4.0/ruby/internal/core/rdata.h:325:1: note: declared here
  325 | rb_data_object_get_warning(VALUE obj)
      | ^~~~~~~~~~~~~~~~~~~~~~~~~~
At top level:
cc1: note: unrecognized command-line option ‘-Wno-self-assign’ may have been intended to silence earlier diagnostics
cc1: note: unrecognized command-line option ‘-Wno-parentheses-equality’ may have been intended to silence earlier diagnostics
cc1: note: unrecognized command-line option ‘-Wno-constant-logical-operand’ may have been intended to silence earlier diagnostics
compiling backup.c
backup.c: In function ‘allocate’:
backup.c:20:3: warning: ‘rb_data_object_wrap_warning’ is deprecated: by TypedData [-Wdeprecated-declarations]
   20 |   return Data_Wrap_Struct(klass, NULL, deallocate, ctx);
      |   ^~~~~~
In file included from /home/y-kawahara/.rbenv/versions/3.4.5/include/ruby-3.4.0/ruby/internal/core.h:27,
                 from /home/y-kawahara/.rbenv/versions/3.4.5/include/ruby-3.4.0/ruby/ruby.h:29,
                 from /home/y-kawahara/.rbenv/versions/3.4.5/include/ruby-3.4.0/ruby.h:38,
                 from ./sqlite3_ruby.h:4,
                 from backup.c:3:
/home/y-kawahara/.rbenv/versions/3.4.5/include/ruby-3.4.0/ruby/internal/core/rdata.h:293:1: note: declared here
  293 | rb_data_object_wrap_warning(VALUE klass, void *ptr, RUBY_DATA_FUNC mark, RUBY_DATA_FUNC free)
      | ^~~~~~~~~~~~~~~~~~~~~~~~~~~
backup.c: In function ‘initialize’:
backup.c:65:3: warning: ‘rb_data_object_get_warning’ is deprecated: by TypedData [-Wdeprecated-declarations]
   65 |   Data_Get_Struct(self, sqlite3BackupRuby, ctx);
      |   ^~~~~~~~~~~~~~~
/home/y-kawahara/.rbenv/versions/3.4.5/include/ruby-3.4.0/ruby/internal/core/rdata.h:325:1: note: declared here
  325 | rb_data_object_get_warning(VALUE obj)
      | ^~~~~~~~~~~~~~~~~~~~~~~~~~
backup.c:66:3: warning: ‘rb_data_object_get_warning’ is deprecated: by TypedData [-Wdeprecated-declarations]
   66 |   Data_Get_Struct(dstdb, sqlite3Ruby, ddb_ctx);
      |   ^~~~~~~~~~~~~~~
/home/y-kawahara/.rbenv/versions/3.4.5/include/ruby-3.4.0/ruby/internal/core/rdata.h:325:1: note: declared here
  325 | rb_data_object_get_warning(VALUE obj)
      | ^~~~~~~~~~~~~~~~~~~~~~~~~~
backup.c:67:3: warning: ‘rb_data_object_get_warning’ is deprecated: by TypedData [-Wdeprecated-declarations]
   67 |   Data_Get_Struct(srcdb, sqlite3Ruby, sdb_ctx);
      |   ^~~~~~~~~~~~~~~
/home/y-kawahara/.rbenv/versions/3.4.5/include/ruby-3.4.0/ruby/internal/core/rdata.h:325:1: note: declared here
  325 | rb_data_object_get_warning(VALUE obj)
      | ^~~~~~~~~~~~~~~~~~~~~~~~~~
backup.c: In function ‘step’:
backup.c:100:3: warning: ‘rb_data_object_get_warning’ is deprecated: by TypedData [-Wdeprecated-declarations]
  100 |   Data_Get_Struct(self, sqlite3BackupRuby, ctx);
      |   ^~~~~~~~~~~~~~~
/home/y-kawahara/.rbenv/versions/3.4.5/include/ruby-3.4.0/ruby/internal/core/rdata.h:325:1: note: declared here
  325 | rb_data_object_get_warning(VALUE obj)
      | ^~~~~~~~~~~~~~~~~~~~~~~~~~
backup.c: In function ‘finish’:
backup.c:114:3: warning: ‘rb_data_object_get_warning’ is deprecated: by TypedData [-Wdeprecated-declarations]
  114 |   Data_Get_Struct(self, sqlite3BackupRuby, ctx);
      |   ^~~~~~~~~~~~~~~
/home/y-kawahara/.rbenv/versions/3.4.5/include/ruby-3.4.0/ruby/internal/core/rdata.h:325:1: note: declared here
  325 | rb_data_object_get_warning(VALUE obj)
      | ^~~~~~~~~~~~~~~~~~~~~~~~~~
backup.c: In function ‘remaining’:
backup.c:132:3: warning: ‘rb_data_object_get_warning’ is deprecated: by TypedData [-Wdeprecated-declarations]
  132 |   Data_Get_Struct(self, sqlite3BackupRuby, ctx);
      |   ^~~~~~~~~~~~~~~
/home/y-kawahara/.rbenv/versions/3.4.5/include/ruby-3.4.0/ruby/internal/core/rdata.h:325:1: note: declared here
  325 | rb_data_object_get_warning(VALUE obj)
      | ^~~~~~~~~~~~~~~~~~~~~~~~~~
backup.c: In function ‘pagecount’:
backup.c:148:3: warning: ‘rb_data_object_get_warning’ is deprecated: by TypedData [-Wdeprecated-declarations]
  148 |   Data_Get_Struct(self, sqlite3BackupRuby, ctx);
      |   ^~~~~~~~~~~~~~~
/home/y-kawahara/.rbenv/versions/3.4.5/include/ruby-3.4.0/ruby/internal/core/rdata.h:325:1: note: declared here
  325 | rb_data_object_get_warning(VALUE obj)
      | ^~~~~~~~~~~~~~~~~~~~~~~~~~
At top level:
cc1: note: unrecognized command-line option ‘-Wno-self-assign’ may have been intended to silence earlier diagnostics
cc1: note: unrecognized command-line option ‘-Wno-parentheses-equality’ may have been intended to silence earlier diagnostics
cc1: note: unrecognized command-line option ‘-Wno-constant-logical-operand’ may have been intended to silence earlier diagnostics
compiling database.c
database.c: In function ‘allocate’:
database.c:27:3: warning: ‘rb_data_object_wrap_warning’ is deprecated: by TypedData [-Wdeprecated-declarations]
   27 |   return Data_Wrap_Struct(klass, NULL, deallocate, ctx);
      |   ^~~~~~
In file included from /home/y-kawahara/.rbenv/versions/3.4.5/include/ruby-3.4.0/ruby/internal/core.h:27,
                 from /home/y-kawahara/.rbenv/versions/3.4.5/include/ruby-3.4.0/ruby/ruby.h:29,
                 from /home/y-kawahara/.rbenv/versions/3.4.5/include/ruby-3.4.0/ruby.h:38,
                 from ./sqlite3_ruby.h:4,
                 from database.c:1:
/home/y-kawahara/.rbenv/versions/3.4.5/include/ruby-3.4.0/ruby/internal/core/rdata.h:293:1: note: declared here
  293 | rb_data_object_wrap_warning(VALUE klass, void *ptr, RUBY_DATA_FUNC mark, RUBY_DATA_FUNC free)
      | ^~~~~~~~~~~~~~~~~~~~~~~~~~~
database.c: In function ‘rb_sqlite3_open_v2’:
database.c:45:3: warning: ‘rb_data_object_get_warning’ is deprecated: by TypedData [-Wdeprecated-declarations]
   45 |   Data_Get_Struct(self, sqlite3Ruby, ctx);
      |   ^~~~~~~~~~~~~~~
/home/y-kawahara/.rbenv/versions/3.4.5/include/ruby-3.4.0/ruby/internal/core/rdata.h:325:1: note: declared here
  325 | rb_data_object_get_warning(VALUE obj)
      | ^~~~~~~~~~~~~~~~~~~~~~~~~~
database.c: In function ‘rb_sqlite3_disable_quirk_mode’:
database.c:72:3: warning: ‘rb_data_object_get_warning’ is deprecated: by TypedData [-Wdeprecated-declarations]
   72 |   Data_Get_Struct(self, sqlite3Ruby, ctx);
      |   ^~~~~~~~~~~~~~~
/home/y-kawahara/.rbenv/versions/3.4.5/include/ruby-3.4.0/ruby/internal/core/rdata.h:325:1: note: declared here
  325 | rb_data_object_get_warning(VALUE obj)
      | ^~~~~~~~~~~~~~~~~~~~~~~~~~
database.c: In function ‘sqlite3_rb_close’:
database.c:93:3: warning: ‘rb_data_object_get_warning’ is deprecated: by TypedData [-Wdeprecated-declarations]
   93 |   Data_Get_Struct(self, sqlite3Ruby, ctx);
      |   ^~~~~~~~~~~~~~~
/home/y-kawahara/.rbenv/versions/3.4.5/include/ruby-3.4.0/ruby/internal/core/rdata.h:325:1: note: declared here
  325 | rb_data_object_get_warning(VALUE obj)
      | ^~~~~~~~~~~~~~~~~~~~~~~~~~
database.c: In function ‘closed_p’:
database.c:112:3: warning: ‘rb_data_object_get_warning’ is deprecated: by TypedData [-Wdeprecated-declarations]
  112 |   Data_Get_Struct(self, sqlite3Ruby, ctx);
      |   ^~~~~~~~~~~~~~~
/home/y-kawahara/.rbenv/versions/3.4.5/include/ruby-3.4.0/ruby/internal/core/rdata.h:325:1: note: declared here
  325 | rb_data_object_get_warning(VALUE obj)
      | ^~~~~~~~~~~~~~~~~~~~~~~~~~
database.c: In function ‘total_changes’:
database.c:127:3: warning: ‘rb_data_object_get_warning’ is deprecated: by TypedData [-Wdeprecated-declarations]
  127 |   Data_Get_Struct(self, sqlite3Ruby, ctx);
      |   ^~~~~~~~~~~~~~~
/home/y-kawahara/.rbenv/versions/3.4.5/include/ruby-3.4.0/ruby/internal/core/rdata.h:325:1: note: declared here
  325 | rb_data_object_get_warning(VALUE obj)
      | ^~~~~~~~~~~~~~~~~~~~~~~~~~
database.c: In function ‘trace’:
database.c:153:3: warning: ‘rb_data_object_get_warning’ is deprecated: by TypedData [-Wdeprecated-declarations]
  153 |   Data_Get_Struct(self, sqlite3Ruby, ctx);
      |   ^~~~~~~~~~~~~~~
/home/y-kawahara/.rbenv/versions/3.4.5/include/ruby-3.4.0/ruby/internal/core/rdata.h:325:1: note: declared here
  325 | rb_data_object_get_warning(VALUE obj)
      | ^~~~~~~~~~~~~~~~~~~~~~~~~~
database.c: In function ‘busy_handler’:
database.c:198:3: warning: ‘rb_data_object_get_warning’ is deprecated: by TypedData [-Wdeprecated-declarations]
  198 |   Data_Get_Struct(self, sqlite3Ruby, ctx);
      |   ^~~~~~~~~~~~~~~
/home/y-kawahara/.rbenv/versions/3.4.5/include/ruby-3.4.0/ruby/internal/core/rdata.h:325:1: note: declared here
  325 | rb_data_object_get_warning(VALUE obj)
      | ^~~~~~~~~~~~~~~~~~~~~~~~~~
database.c: In function ‘last_insert_row_id’:
database.c:223:3: warning: ‘rb_data_object_get_warning’ is deprecated: by TypedData [-Wdeprecated-declarations]
  223 |   Data_Get_Struct(self, sqlite3Ruby, ctx);
      |   ^~~~~~~~~~~~~~~
/home/y-kawahara/.rbenv/versions/3.4.5/include/ruby-3.4.0/ruby/internal/core/rdata.h:325:1: note: declared here
  325 | rb_data_object_get_warning(VALUE obj)
      | ^~~~~~~~~~~~~~~~~~~~~~~~~~
database.c: In function ‘define_function_with_flags’:
database.c:343:3: warning: ‘rb_data_object_get_warning’ is deprecated: by TypedData [-Wdeprecated-declarations]
  343 |   Data_Get_Struct(self, sqlite3Ruby, ctx);
      |   ^~~~~~~~~~~~~~~
/home/y-kawahara/.rbenv/versions/3.4.5/include/ruby-3.4.0/ruby/internal/core/rdata.h:325:1: note: declared here
  325 | rb_data_object_get_warning(VALUE obj)
      | ^~~~~~~~~~~~~~~~~~~~~~~~~~
database.c: In function ‘interrupt’:
database.c:383:3: warning: ‘rb_data_object_get_warning’ is deprecated: by TypedData [-Wdeprecated-declarations]
  383 |   Data_Get_Struct(self, sqlite3Ruby, ctx);
      |   ^~~~~~~~~~~~~~~
/home/y-kawahara/.rbenv/versions/3.4.5/include/ruby-3.4.0/ruby/internal/core/rdata.h:325:1: note: declared here
  325 | rb_data_object_get_warning(VALUE obj)
      | ^~~~~~~~~~~~~~~~~~~~~~~~~~
database.c: In function ‘errmsg’:
database.c:399:3: warning: ‘rb_data_object_get_warning’ is deprecated: by TypedData [-Wdeprecated-declarations]
  399 |   Data_Get_Struct(self, sqlite3Ruby, ctx);
      |   ^~~~~~~~~~~~~~~
/home/y-kawahara/.rbenv/versions/3.4.5/include/ruby-3.4.0/ruby/internal/core/rdata.h:325:1: note: declared here
  325 | rb_data_object_get_warning(VALUE obj)
      | ^~~~~~~~~~~~~~~~~~~~~~~~~~
database.c: In function ‘errcode_’:
database.c:413:3: warning: ‘rb_data_object_get_warning’ is deprecated: by TypedData [-Wdeprecated-declarations]
  413 |   Data_Get_Struct(self, sqlite3Ruby, ctx);
      |   ^~~~~~~~~~~~~~~
/home/y-kawahara/.rbenv/versions/3.4.5/include/ruby-3.4.0/ruby/internal/core/rdata.h:325:1: note: declared here
  325 | rb_data_object_get_warning(VALUE obj)
      | ^~~~~~~~~~~~~~~~~~~~~~~~~~
database.c: In function ‘changes’:
database.c:441:3: warning: ‘rb_data_object_get_warning’ is deprecated: by TypedData [-Wdeprecated-declarations]
  441 |   Data_Get_Struct(self, sqlite3Ruby, ctx);
      |   ^~~~~~~~~~~~~~~
/home/y-kawahara/.rbenv/versions/3.4.5/include/ruby-3.4.0/ruby/internal/core/rdata.h:325:1: note: declared here
  325 | rb_data_object_get_warning(VALUE obj)
      | ^~~~~~~~~~~~~~~~~~~~~~~~~~
database.c: In function ‘set_authorizer’:
database.c:486:3: warning: ‘rb_data_object_get_warning’ is deprecated: by TypedData [-Wdeprecated-declarations]
  486 |   Data_Get_Struct(self, sqlite3Ruby, ctx);
      |   ^~~~~~~~~~~~~~~
/home/y-kawahara/.rbenv/versions/3.4.5/include/ruby-3.4.0/ruby/internal/core/rdata.h:325:1: note: declared here
  325 | rb_data_object_get_warning(VALUE obj)
      | ^~~~~~~~~~~~~~~~~~~~~~~~~~
database.c: In function ‘set_busy_timeout’:
database.c:513:3: warning: ‘rb_data_object_get_warning’ is deprecated: by TypedData [-Wdeprecated-declarations]
  513 |   Data_Get_Struct(self, sqlite3Ruby, ctx);
      |   ^~~~~~~~~~~~~~~
/home/y-kawahara/.rbenv/versions/3.4.5/include/ruby-3.4.0/ruby/internal/core/rdata.h:325:1: note: declared here
  325 | rb_data_object_get_warning(VALUE obj)
      | ^~~~~~~~~~~~~~~~~~~~~~~~~~
database.c: In function ‘set_extended_result_codes’:
database.c:529:3: warning: ‘rb_data_object_get_warning’ is deprecated: by TypedData [-Wdeprecated-declarations]
  529 |   Data_Get_Struct(self, sqlite3Ruby, ctx);
      |   ^~~~~~~~~~~~~~~
/home/y-kawahara/.rbenv/versions/3.4.5/include/ruby-3.4.0/ruby/internal/core/rdata.h:325:1: note: declared here
  325 | rb_data_object_get_warning(VALUE obj)
      | ^~~~~~~~~~~~~~~~~~~~~~~~~~
database.c: In function ‘collation’:
database.c:574:3: warning: ‘rb_data_object_get_warning’ is deprecated: by TypedData [-Wdeprecated-declarations]
  574 |   Data_Get_Struct(self, sqlite3Ruby, ctx);
      |   ^~~~~~~~~~~~~~~
/home/y-kawahara/.rbenv/versions/3.4.5/include/ruby-3.4.0/ruby/internal/core/rdata.h:325:1: note: declared here
  325 | rb_data_object_get_warning(VALUE obj)
      | ^~~~~~~~~~~~~~~~~~~~~~~~~~
database.c: In function ‘load_extension’:
database.c:603:3: warning: ‘rb_data_object_get_warning’ is deprecated: by TypedData [-Wdeprecated-declarations]
  603 |   Data_Get_Struct(self, sqlite3Ruby, ctx);
      |   ^~~~~~~~~~~~~~~
/home/y-kawahara/.rbenv/versions/3.4.5/include/ruby-3.4.0/ruby/internal/core/rdata.h:325:1: note: declared here
  325 | rb_data_object_get_warning(VALUE obj)
      | ^~~~~~~~~~~~~~~~~~~~~~~~~~
database.c: In function ‘enable_load_extension’:
database.c:627:3: warning: ‘rb_data_object_get_warning’ is deprecated: by TypedData [-Wdeprecated-declarations]
  627 |   Data_Get_Struct(self, sqlite3Ruby, ctx);
      |   ^~~~~~~~~~~~~~~
/home/y-kawahara/.rbenv/versions/3.4.5/include/ruby-3.4.0/ruby/internal/core/rdata.h:325:1: note: declared here
  325 | rb_data_object_get_warning(VALUE obj)
      | ^~~~~~~~~~~~~~~~~~~~~~~~~~
database.c: In function ‘db_encoding’:
database.c:664:3: warning: ‘rb_data_object_get_warning’ is deprecated: by TypedData [-Wdeprecated-declarations]
  664 |   Data_Get_Struct(self, sqlite3Ruby, ctx);
      |   ^~~~~~~~~~~~~~~
/home/y-kawahara/.rbenv/versions/3.4.5/include/ruby-3.4.0/ruby/internal/core/rdata.h:325:1: note: declared here
  325 | rb_data_object_get_warning(VALUE obj)
      | ^~~~~~~~~~~~~~~~~~~~~~~~~~
database.c: In function ‘transaction_active_p’:
database.c:684:3: warning: ‘rb_data_object_get_warning’ is deprecated: by TypedData [-Wdeprecated-declarations]
  684 |   Data_Get_Struct(self, sqlite3Ruby, ctx);
      |   ^~~~~~~~~~~~~~~
/home/y-kawahara/.rbenv/versions/3.4.5/include/ruby-3.4.0/ruby/internal/core/rdata.h:325:1: note: declared here
  325 | rb_data_object_get_warning(VALUE obj)
      | ^~~~~~~~~~~~~~~~~~~~~~~~~~
database.c: In function ‘exec_batch’:
database.c:743:3: warning: ‘rb_data_object_get_warning’ is deprecated: by TypedData [-Wdeprecated-declarations]
  743 |   Data_Get_Struct(self, sqlite3Ruby, ctx);
      |   ^~~~~~~~~~~~~~~
/home/y-kawahara/.rbenv/versions/3.4.5/include/ruby-3.4.0/ruby/internal/core/rdata.h:325:1: note: declared here
  325 | rb_data_object_get_warning(VALUE obj)
      | ^~~~~~~~~~~~~~~~~~~~~~~~~~
database.c: In function ‘db_filename’:
database.c:771:3: warning: ‘rb_data_object_get_warning’ is deprecated: by TypedData [-Wdeprecated-declarations]
  771 |   Data_Get_Struct(self, sqlite3Ruby, ctx);
      |   ^~~~~~~~~~~~~~~
/home/y-kawahara/.rbenv/versions/3.4.5/include/ruby-3.4.0/ruby/internal/core/rdata.h:325:1: note: declared here
  325 | rb_data_object_get_warning(VALUE obj)
      | ^~~~~~~~~~~~~~~~~~~~~~~~~~
database.c: In function ‘rb_sqlite3_open16’:
database.c:785:3: warning: ‘rb_data_object_get_warning’ is deprecated: by TypedData [-Wdeprecated-declarations]
  785 |   Data_Get_Struct(self, sqlite3Ruby, ctx);
      |   ^~~~~~~~~~~~~~~
/home/y-kawahara/.rbenv/versions/3.4.5/include/ruby-3.4.0/ruby/internal/core/rdata.h:325:1: note: declared here
  325 | rb_data_object_get_warning(VALUE obj)
      | ^~~~~~~~~~~~~~~~~~~~~~~~~~
At top level:
cc1: note: unrecognized command-line option ‘-Wno-self-assign’ may have been intended to silence earlier diagnostics
cc1: note: unrecognized command-line option ‘-Wno-parentheses-equality’ may have been intended to silence earlier diagnostics
cc1: note: unrecognized command-line option ‘-Wno-constant-logical-operand’ may have been intended to silence earlier diagnostics
compiling exception.c
compiling sqlite3.c
compiling statement.c
statement.c: In function ‘allocate’:
statement.c:21:3: warning: ‘rb_data_object_wrap_warning’ is deprecated: by TypedData [-Wdeprecated-declarations]
   21 |   return Data_Wrap_Struct(klass, NULL, deallocate, ctx);
      |   ^~~~~~
In file included from /home/y-kawahara/.rbenv/versions/3.4.5/include/ruby-3.4.0/ruby/internal/core.h:27,
                 from /home/y-kawahara/.rbenv/versions/3.4.5/include/ruby-3.4.0/ruby/ruby.h:29,
                 from /home/y-kawahara/.rbenv/versions/3.4.5/include/ruby-3.4.0/ruby.h:38,
                 from ./sqlite3_ruby.h:4,
                 from statement.c:1:
/home/y-kawahara/.rbenv/versions/3.4.5/include/ruby-3.4.0/ruby/internal/core/rdata.h:293:1: note: declared here
  293 | rb_data_object_wrap_warning(VALUE klass, void *ptr, RUBY_DATA_FUNC mark, RUBY_DATA_FUNC free)
      | ^~~~~~~~~~~~~~~~~~~~~~~~~~~
statement.c: In function ‘initialize’:
statement.c:40:3: warning: ‘rb_data_object_get_warning’ is deprecated: by TypedData [-Wdeprecated-declarations]
   40 |   Data_Get_Struct(db, sqlite3Ruby, db_ctx);
      |   ^~~~~~~~~~~~~~~
/home/y-kawahara/.rbenv/versions/3.4.5/include/ruby-3.4.0/ruby/internal/core/rdata.h:325:1: note: declared here
  325 | rb_data_object_get_warning(VALUE obj)
      | ^~~~~~~~~~~~~~~~~~~~~~~~~~
statement.c:41:3: warning: ‘rb_data_object_get_warning’ is deprecated: by TypedData [-Wdeprecated-declarations]
   41 |   Data_Get_Struct(self, sqlite3StmtRuby, ctx);
      |   ^~~~~~~~~~~~~~~
/home/y-kawahara/.rbenv/versions/3.4.5/include/ruby-3.4.0/ruby/internal/core/rdata.h:325:1: note: declared here
  325 | rb_data_object_get_warning(VALUE obj)
      | ^~~~~~~~~~~~~~~~~~~~~~~~~~
statement.c: In function ‘sqlite3_rb_close’:
statement.c:81:3: warning: ‘rb_data_object_get_warning’ is deprecated: by TypedData [-Wdeprecated-declarations]
   81 |   Data_Get_Struct(self, sqlite3StmtRuby, ctx);
      |   ^~~~~~~~~~~~~~~
/home/y-kawahara/.rbenv/versions/3.4.5/include/ruby-3.4.0/ruby/internal/core/rdata.h:325:1: note: declared here
  325 | rb_data_object_get_warning(VALUE obj)
      | ^~~~~~~~~~~~~~~~~~~~~~~~~~
statement.c: In function ‘closed_p’:
statement.c:98:3: warning: ‘rb_data_object_get_warning’ is deprecated: by TypedData [-Wdeprecated-declarations]
   98 |   Data_Get_Struct(self, sqlite3StmtRuby, ctx);
      |   ^~~~~~~~~~~~~~~
/home/y-kawahara/.rbenv/versions/3.4.5/include/ruby-3.4.0/ruby/internal/core/rdata.h:325:1: note: declared here
  325 | rb_data_object_get_warning(VALUE obj)
      | ^~~~~~~~~~~~~~~~~~~~~~~~~~
statement.c: In function ‘step’:
statement.c:113:3: warning: ‘rb_data_object_get_warning’ is deprecated: by TypedData [-Wdeprecated-declarations]
  113 |   Data_Get_Struct(self, sqlite3StmtRuby, ctx);
      |   ^~~~~~~~~~~~~~~
/home/y-kawahara/.rbenv/versions/3.4.5/include/ruby-3.4.0/ruby/internal/core/rdata.h:325:1: note: declared here
  325 | rb_data_object_get_warning(VALUE obj)
      | ^~~~~~~~~~~~~~~~~~~~~~~~~~
statement.c: In function ‘bind_param’:
statement.c:209:3: warning: ‘rb_data_object_get_warning’ is deprecated: by TypedData [-Wdeprecated-declarations]
  209 |   Data_Get_Struct(self, sqlite3StmtRuby, ctx);
      |   ^~~~~~~~~~~~~~~
/home/y-kawahara/.rbenv/versions/3.4.5/include/ruby-3.4.0/ruby/internal/core/rdata.h:325:1: note: declared here
  325 | rb_data_object_get_warning(VALUE obj)
      | ^~~~~~~~~~~~~~~~~~~~~~~~~~
statement.c: In function ‘reset_bang’:
statement.c:299:3: warning: ‘rb_data_object_get_warning’ is deprecated: by TypedData [-Wdeprecated-declarations]
  299 |   Data_Get_Struct(self, sqlite3StmtRuby, ctx);
      |   ^~~~~~~~~~~~~~~
/home/y-kawahara/.rbenv/versions/3.4.5/include/ruby-3.4.0/ruby/internal/core/rdata.h:325:1: note: declared here
  325 | rb_data_object_get_warning(VALUE obj)
      | ^~~~~~~~~~~~~~~~~~~~~~~~~~
statement.c: In function ‘clear_bindings_bang’:
statement.c:318:3: warning: ‘rb_data_object_get_warning’ is deprecated: by TypedData [-Wdeprecated-declarations]
  318 |   Data_Get_Struct(self, sqlite3StmtRuby, ctx);
      |   ^~~~~~~~~~~~~~~
/home/y-kawahara/.rbenv/versions/3.4.5/include/ruby-3.4.0/ruby/internal/core/rdata.h:325:1: note: declared here
  325 | rb_data_object_get_warning(VALUE obj)
      | ^~~~~~~~~~~~~~~~~~~~~~~~~~
statement.c: In function ‘done_p’:
statement.c:335:3: warning: ‘rb_data_object_get_warning’ is deprecated: by TypedData [-Wdeprecated-declarations]
  335 |   Data_Get_Struct(self, sqlite3StmtRuby, ctx);
      |   ^~~~~~~~~~~~~~~
/home/y-kawahara/.rbenv/versions/3.4.5/include/ruby-3.4.0/ruby/internal/core/rdata.h:325:1: note: declared here
  325 | rb_data_object_get_warning(VALUE obj)
      | ^~~~~~~~~~~~~~~~~~~~~~~~~~
statement.c: In function ‘column_count’:
statement.c:348:3: warning: ‘rb_data_object_get_warning’ is deprecated: by TypedData [-Wdeprecated-declarations]
  348 |   Data_Get_Struct(self, sqlite3StmtRuby, ctx);
      |   ^~~~~~~~~~~~~~~
/home/y-kawahara/.rbenv/versions/3.4.5/include/ruby-3.4.0/ruby/internal/core/rdata.h:325:1: note: declared here
  325 | rb_data_object_get_warning(VALUE obj)
      | ^~~~~~~~~~~~~~~~~~~~~~~~~~
statement.c: In function ‘column_name’:
statement.c:363:3: warning: ‘rb_data_object_get_warning’ is deprecated: by TypedData [-Wdeprecated-declarations]
  363 |   Data_Get_Struct(self, sqlite3StmtRuby, ctx);
      |   ^~~~~~~~~~~~~~~
/home/y-kawahara/.rbenv/versions/3.4.5/include/ruby-3.4.0/ruby/internal/core/rdata.h:325:1: note: declared here
  325 | rb_data_object_get_warning(VALUE obj)
      | ^~~~~~~~~~~~~~~~~~~~~~~~~~
statement.c: In function ‘column_decltype’:
statement.c:381:3: warning: ‘rb_data_object_get_warning’ is deprecated: by TypedData [-Wdeprecated-declarations]
  381 |   Data_Get_Struct(self, sqlite3StmtRuby, ctx);
      |   ^~~~~~~~~~~~~~~
/home/y-kawahara/.rbenv/versions/3.4.5/include/ruby-3.4.0/ruby/internal/core/rdata.h:325:1: note: declared here
  325 | rb_data_object_get_warning(VALUE obj)
      | ^~~~~~~~~~~~~~~~~~~~~~~~~~
statement.c: In function ‘bind_parameter_count’:
statement.c:397:3: warning: ‘rb_data_object_get_warning’ is deprecated: by TypedData [-Wdeprecated-declarations]
  397 |   Data_Get_Struct(self, sqlite3StmtRuby, ctx);
      |   ^~~~~~~~~~~~~~~
/home/y-kawahara/.rbenv/versions/3.4.5/include/ruby-3.4.0/ruby/internal/core/rdata.h:325:1: note: declared here
  325 | rb_data_object_get_warning(VALUE obj)
      | ^~~~~~~~~~~~~~~~~~~~~~~~~~
At top level:
cc1: note: unrecognized command-line option ‘-Wno-self-assign’ may have been intended to silence earlier diagnostics
cc1: note: unrecognized command-line option ‘-Wno-parentheses-equality’ may have been intended to silence earlier diagnostics
cc1: note: unrecognized command-line option ‘-Wno-constant-logical-operand’ may have been intended to silence earlier diagnostics
linking shared-object sqlite3/sqlite3_native.so

current directory: /home/y-kawahara/fjord-books_app-2023/vendor/bundle/ruby/3.4.0/gems/sqlite3-1.6.3/ext/sqlite3
make DESTDIR\= sitearchdir\=./.gem.20251007-106966-143d8t sitelibdir\=./.gem.20251007-106966-143d8t install
/usr/bin/install -c -m 0755 sqlite3_native.so ./.gem.20251007-106966-143d8t/sqlite3

current directory: /home/y-kawahara/fjord-books_app-2023/vendor/bundle/ruby/3.4.0/gems/sqlite3-1.6.3/ext/sqlite3
make DESTDIR\= sitearchdir\=./.gem.20251007-106966-143d8t sitelibdir\=./.gem.20251007-106966-143d8t clean
