current directory: /home/y-kawahara/fjord-books_app-2023/vendor/bundle/ruby/3.4.0/gems/date-3.3.3/ext/date
/home/y-kawahara/.rbenv/versions/3.4.5/bin/ruby extconf.rb
checking for rb_category_warn()... yes
checking for timezone in time.h with -Werror... yes
checking for altzone in time.h with -Werror... no
creating Makefile

current directory: /home/y-kawahara/fjord-books_app-2023/vendor/bundle/ruby/3.4.0/gems/date-3.3.3/ext/date
make DESTDIR\= sitearchdir\=./.gem.20251007-106966-3jqjz9 sitelibdir\=./.gem.20251007-106966-3jqjz9 clean

current directory: /home/y-kawahara/fjord-books_app-2023/vendor/bundle/ruby/3.4.0/gems/date-3.3.3/ext/date
make DESTDIR\= sitearchdir\=./.gem.20251007-106966-3jqjz9 sitelibdir\=./.gem.20251007-106966-3jqjz9
compiling date_core.c
compiling date_parse.c
compiling date_strftime.c
compiling date_strptime.c
linking shared-object date_core.so

current directory: /home/y-kawahara/fjord-books_app-2023/vendor/bundle/ruby/3.4.0/gems/date-3.3.3/ext/date
make DESTDIR\= sitearchdir\=./.gem.20251007-106966-3jqjz9 sitelibdir\=./.gem.20251007-106966-3jqjz9 install
/usr/bin/install -c -m 0755 date_core.so ./.gem.20251007-106966-3jqjz9

current directory: /home/y-kawahara/fjord-books_app-2023/vendor/bundle/ruby/3.4.0/gems/date-3.3.3/ext/date
make DESTDIR\= sitearchdir\=./.gem.20251007-106966-3jqjz9 sitelibdir\=./.gem.20251007-106966-3jqjz9 clean
